<html>
<body>
<pre>
<h1>µVision Build Log</h1>
<h2>Tool Versions:</h2>
IDE-Version: µVision V5.32.0.0
Copyright (C) 2020 ARM Ltd and ARM Germany GmbH. All rights reserved.
License Information: . ., ., LIC=----
 
Tool Versions:
Toolchain:       MDK-Lite  Version: 5.32.0.0
Toolchain Path:  C:\Keil_v5\ARM\ARMCC\Bin
C Compiler:      Armcc.exe V5.06 update 7 (build 960)
Assembler:       Armasm.exe V5.06 update 7 (build 960)
Linker/Locator:  ArmLink.exe V5.06 update 7 (build 960)
Library Manager: ArmAr.exe V5.06 update 7 (build 960)
Hex Converter:   FromElf.exe V5.06 update 7 (build 960)
CPU DLL:         SARMCM3.DLL V5.32.0.0
Dialog DLL:      DCM.DLL V1.17.3.0
    Target DLL: Nu_Link.dll
Dialog DLL:      TCM.DLL V1.46.0.0
 
<h2>Project:</h2>
E:\FM IOT Gateway\uVision Programs\KEIL\GPIO_INT.uvprojx
Project File Date:  04/06/2021

<h2>Output:</h2>
*** Using Compiler 'V5.06 update 7 (build 960)', folder: 'C:\Keil_v5\ARM\ARMCC\Bin'
Build target 'GPIO_INT'
assembling startup_M480.s...
creating preprocessor file for system_M480.c...
creating preprocessor file for main.c...
creating preprocessor file for acmp.c...
compiling system_M480.c...
compiling main.c...
compiling acmp.c...
creating preprocessor file for bpwm.c...
creating preprocessor file for can.c...
creating preprocessor file for ccap.c...
compiling bpwm.c...
compiling ccap.c...
compiling can.c...
creating preprocessor file for clk.c...
creating preprocessor file for crc.c...
creating preprocessor file for crypto.c...
compiling crc.c...
compiling clk.c...
creating preprocessor file for dac.c...
compiling crypto.c...
creating preprocessor file for eadc.c...
creating preprocessor file for ebi.c...
compiling dac.c...
compiling eadc.c...
creating preprocessor file for ecap.c...
compiling ebi.c...
creating preprocessor file for emac.c...
creating preprocessor file for epwm.c...
compiling ecap.c...
creating preprocessor file for fmc.c...
compiling emac.c...
creating preprocessor file for gpio.c...
compiling epwm.c...
creating preprocessor file for hsusbd.c...
compiling gpio.c...
compiling fmc.c...
compiling hsusbd.c...
creating preprocessor file for i2c.c...
creating preprocessor file for i2s.c...
creating preprocessor file for pdma.c...
compiling i2s.c...
compiling pdma.c...
compiling i2c.c...
creating preprocessor file for qei.c...
creating preprocessor file for qspi.c...
creating preprocessor file for retarget.c...
compiling qei.c...
compiling retarget.c...
compiling qspi.c...
creating preprocessor file for rtc.c...
creating preprocessor file for sc.c...
creating preprocessor file for scuart.c...
compiling sc.c...
compiling scuart.c...
compiling rtc.c...
creating preprocessor file for spi.c...
creating preprocessor file for sdh.c...
creating preprocessor file for spim.c...
compiling sdh.c...
compiling spi.c...
compiling spim.c...
creating preprocessor file for sys.c...
creating preprocessor file for timer.c...
creating preprocessor file for timer_pwm.c...
compiling sys.c...
compiling timer.c...
compiling timer_pwm.c...
creating preprocessor file for trng.c...
creating preprocessor file for uart.c...
creating preprocessor file for usbd.c...
compiling trng.c...
compiling uart.c...
creating preprocessor file for usci_i2c.c...
compiling usbd.c...
creating preprocessor file for usci_spi.c...
creating preprocessor file for usci_uart.c...
compiling usci_spi.c...
compiling usci_i2c.c...
compiling usci_uart.c...
creating preprocessor file for wdt.c...
creating preprocessor file for wwdt.c...
compiling wdt.c...
compiling wwdt.c...
linking...
Program Size: Code=4604 RO-data=612 RW-data=80 ZI-data=2048  
After Build - User command #1: fromelf --bin ".\obj\GPIO_INT.axf" --output ".\obj\GPIO_INT.bin"
After Build - User command #2: fromelf --text -c ".\obj\GPIO_INT.axf" --output ".\obj\GPIO_INT.txt"
".\obj\GPIO_INT.axf" - 0 Error(s), 0 Warning(s).

<h2>Software Packages used:</h2>

Package Vendor: ARM
                http://www.keil.com/pack/ARM.CMSIS.5.7.0.pack
                ARM.CMSIS.5.7.0
                CMSIS (Cortex Microcontroller Software Interface Standard)
   * Component: CORE Version: 5.4.0

Package Vendor: Nuvoton
                http://www.nuvoton.com/hq/enu/Documents/KEILSoftwarePack/Nuvoton.NuMicro_DFP.1.3.10.pack
                Nuvoton.NuMicro_DFP.1.3.10
                Nuvoton ARM Cortex-M NuMicro Family Device Support

<h2>Collection of Component include folders:</h2>
  .\RTE\_GPIO_INT
  C:\Users\vishalm\AppData\Local\Arm\Packs\ARM\CMSIS\5.7.0\CMSIS\Core\Include
  C:\Users\vishalm\AppData\Local\Arm\Packs\Nuvoton\NuMicro_DFP\1.3.10\Device\M480\Include

<h2>Collection of Component Files used:</h2>

   * Component: ARM::CMSIS:CORE:5.4.0
Build Time Elapsed:  00:01:12
</pre>
</body>
</html>
