Component: ARM Compiler 5.06 update 7 (build 960) Tool: armlink [4d3601]

==============================================================================

Small function inlining results

Inlined total of 0 calls.

==============================================================================

Section Cross References

    system_m480.o(i.SystemCoreClockUpdate) refers to clk.o(i.CLK_GetPLLClockFreq) for CLK_GetPLLClockFreq
    system_m480.o(i.SystemCoreClockUpdate) refers to system_m480.o(.data) for .data
    startup_m480.o(RESET) refers to startup_m480.o(STACK) for __initial_sp
    startup_m480.o(RESET) refers to startup_m480.o(.text) for Reset_Handler
    startup_m480.o(RESET) refers to retarget.o(.emb_text) for HardFault_Handler
    startup_m480.o(RESET) refers to main.o(i.GPB_IRQHandler) for GPB_IRQHandler
    startup_m480.o(RESET) refers to main.o(i.GPC_IRQHandler) for GPC_IRQHandler
    startup_m480.o(RESET) refers to main.o(i.TMR0_IRQHandler) for TMR0_IRQHandler
    startup_m480.o(.text) refers to system_m480.o(i.SystemInit) for SystemInit
    startup_m480.o(.text) refers to entry.o(.ARM.Collect$$$$00000000) for __main
    main.o(i.GPB_IRQHandler) refers to printf5.o(i.__0printf$5) for __2printf
    main.o(i.GPC_IRQHandler) refers to printf5.o(i.__0printf$5) for __2printf
    main.o(i.SYS_Init) refers to clk.o(i.CLK_EnableXtalRC) for CLK_EnableXtalRC
    main.o(i.SYS_Init) refers to clk.o(i.CLK_WaitClockReady) for CLK_WaitClockReady
    main.o(i.SYS_Init) refers to clk.o(i.CLK_SetCoreClock) for CLK_SetCoreClock
    main.o(i.SYS_Init) refers to clk.o(i.CLK_EnableModuleClock) for CLK_EnableModuleClock
    main.o(i.SYS_Init) refers to clk.o(i.CLK_SetModuleClock) for CLK_SetModuleClock
    main.o(i.TMR0_IRQHandler) refers to epwm.o(i.EPWM_EnableOutput) for EPWM_EnableOutput
    main.o(i.TMR0_IRQHandler) refers to epwm.o(i.EPWM_DisableOutput) for EPWM_DisableOutput
    main.o(i.TMR0_IRQHandler) refers to main.o(.data) for .data
    main.o(i.UART0_Init) refers to uart.o(i.UART_Open) for UART_Open
    main.o(i.main) refers to main.o(i.SYS_Init) for SYS_Init
    main.o(i.main) refers to main.o(i.UART0_Init) for UART0_Init
    main.o(i.main) refers to printf5.o(i.__0printf$5) for __2printf
    main.o(i.main) refers to gpio.o(i.GPIO_SetMode) for GPIO_SetMode
    main.o(i.main) refers to epwm.o(i.EPWM_ConfigOutputChannel) for EPWM_ConfigOutputChannel
    main.o(i.main) refers to epwm.o(i.EPWM_EnableOutput) for EPWM_EnableOutput
    main.o(i.main) refers to epwm.o(i.EPWM_Start) for EPWM_Start
    main.o(i.main) refers to timer.o(i.TIMER_Open) for TIMER_Open
    main.o(i.main) refers to system_m480.o(.data) for SystemCoreClock
    main.o(i.main) refers to main.o(.data) for .data
    bpwm.o(i.BPWM_ConfigCaptureChannel) refers to system_m480.o(i.SystemCoreClockUpdate) for SystemCoreClockUpdate
    bpwm.o(i.BPWM_ConfigCaptureChannel) refers to clk.o(i.CLK_GetPCLK0Freq) for CLK_GetPCLK0Freq
    bpwm.o(i.BPWM_ConfigCaptureChannel) refers to clk.o(i.CLK_GetPLLClockFreq) for CLK_GetPLLClockFreq
    bpwm.o(i.BPWM_ConfigCaptureChannel) refers to clk.o(i.CLK_GetPCLK1Freq) for CLK_GetPCLK1Freq
    bpwm.o(i.BPWM_ConfigOutputChannel) refers to system_m480.o(i.SystemCoreClockUpdate) for SystemCoreClockUpdate
    bpwm.o(i.BPWM_ConfigOutputChannel) refers to clk.o(i.CLK_GetPCLK0Freq) for CLK_GetPCLK0Freq
    bpwm.o(i.BPWM_ConfigOutputChannel) refers to clk.o(i.CLK_GetPLLClockFreq) for CLK_GetPLLClockFreq
    bpwm.o(i.BPWM_ConfigOutputChannel) refers to clk.o(i.CLK_GetPCLK1Freq) for CLK_GetPCLK1Freq
    can.o(i.CAN_CLR_INT_PENDING_BIT) refers to can.o(i.LockIF_TL) for LockIF_TL
    can.o(i.CAN_CLR_INT_PENDING_BIT) refers to can.o(i.ReleaseIF) for ReleaseIF
    can.o(i.CAN_GetCANBitRate) refers to system_m480.o(.data) for SystemCoreClock
    can.o(i.CAN_Open) refers to can.o(i.CAN_SetBaudRate) for CAN_SetBaudRate
    can.o(i.CAN_ReadMsgObj) refers to can.o(i.CAN_IsNewDataReceived) for CAN_IsNewDataReceived
    can.o(i.CAN_ReadMsgObj) refers to can.o(i.LockIF_TL) for LockIF_TL
    can.o(i.CAN_ReadMsgObj) refers to can.o(i.ReleaseIF) for ReleaseIF
    can.o(i.CAN_Receive) refers to can.o(i.CAN_BasicReceiveMsg) for CAN_BasicReceiveMsg
    can.o(i.CAN_Receive) refers to can.o(i.CAN_ReadMsgObj) for CAN_ReadMsgObj
    can.o(i.CAN_SetBaudRate) refers to system_m480.o(i.SystemCoreClockUpdate) for SystemCoreClockUpdate
    can.o(i.CAN_SetBaudRate) refers to uldiv.o(.text) for __aeabi_uldivmod
    can.o(i.CAN_SetBaudRate) refers to can.o(i.can_update_spt) for can_update_spt
    can.o(i.CAN_SetBaudRate) refers to can.o(i.CAN_LeaveInitMode) for CAN_LeaveInitMode
    can.o(i.CAN_SetBaudRate) refers to system_m480.o(.data) for SystemCoreClock
    can.o(i.CAN_SetMultiRxMsg) refers to can.o(i.CAN_SetRxMsgObj) for CAN_SetRxMsgObj
    can.o(i.CAN_SetRxMsg) refers to can.o(i.CAN_SetRxMsgObj) for CAN_SetRxMsgObj
    can.o(i.CAN_SetRxMsgAndMsk) refers to can.o(i.CAN_SetRxMsgObjAndMsk) for CAN_SetRxMsgObjAndMsk
[...]
    Removing bpwm.o(i.BPWM_EnableLoadMode), (10 bytes).
    Removing bpwm.o(i.BPWM_EnableOutput), (10 bytes).
    Removing bpwm.o(i.BPWM_EnablePeriodInt), (12 bytes).
    Removing bpwm.o(i.BPWM_EnableZeroInt), (12 bytes).
    Removing bpwm.o(i.BPWM_ForceStop), (10 bytes).
    Removing bpwm.o(i.BPWM_GetADCTriggerFlag), (18 bytes).
    Removing bpwm.o(i.BPWM_GetCaptureIntFlag), (36 bytes).
    Removing bpwm.o(i.BPWM_GetDutyIntFlag), (20 bytes).
    Removing bpwm.o(i.BPWM_GetPeriodIntFlag), (10 bytes).
    Removing bpwm.o(i.BPWM_GetWrapAroundFlag), (10 bytes).
    Removing bpwm.o(i.BPWM_GetZeroIntFlag), (10 bytes).
    Removing bpwm.o(i.BPWM_SetClockSource), (4 bytes).
    Removing bpwm.o(i.BPWM_Start), (6 bytes).
    Removing bpwm.o(i.BPWM_Stop), (6 bytes).
    Removing can.o(.rev16_text), (4 bytes).
    Removing can.o(.revsh_text), (4 bytes).
    Removing can.o(.rrx_text), (6 bytes).
    Removing can.o(i.CAN_BasicReceiveMsg), (138 bytes).
    Removing can.o(i.CAN_BasicSendMsg), (156 bytes).
    Removing can.o(i.CAN_CLR_INT_PENDING_BIT), (44 bytes).
    Removing can.o(i.CAN_Close), (10 bytes).
    Removing can.o(i.CAN_DisableInt), (12 bytes).
    Removing can.o(i.CAN_EnableInt), (16 bytes).
    Removing can.o(i.CAN_EnterInitMode), (8 bytes).
    Removing can.o(i.CAN_EnterTestMode), (12 bytes).
    Removing can.o(i.CAN_GetCANBitRate), (44 bytes).
    Removing can.o(i.CAN_IsNewDataReceived), (24 bytes).
    Removing can.o(i.CAN_LeaveInitMode), (16 bytes).
    Removing can.o(i.CAN_LeaveTestMode), (26 bytes).
    Removing can.o(i.CAN_Open), (28 bytes).
    Removing can.o(i.CAN_ReadMsgObj), (174 bytes).
    Removing can.o(i.CAN_Receive), (38 bytes).
    Removing can.o(i.CAN_SetBaudRate), (412 bytes).
    Removing can.o(i.CAN_SetMultiRxMsg), (94 bytes).
    Removing can.o(i.CAN_SetRxMsg), (60 bytes).
    Removing can.o(i.CAN_SetRxMsgAndMsk), (66 bytes).
    Removing can.o(i.CAN_SetRxMsgObj), (128 bytes).
    Removing can.o(i.CAN_SetRxMsgObjAndMsk), (140 bytes).
    Removing can.o(i.CAN_SetTxMsg), (146 bytes).
    Removing can.o(i.CAN_Transmit), (60 bytes).
    Removing can.o(i.CAN_TriggerTxMsg), (70 bytes).
    Removing can.o(i.CAN_WaitMsg), (20 bytes).
    Removing can.o(i.LockIF), (120 bytes).
    Removing can.o(i.LockIF_TL), (28 bytes).
    Removing can.o(i.ReleaseIF), (84 bytes).
    Removing can.o(i.can_update_spt), (72 bytes).
    Removing can.o(.data), (6 bytes).
    Removing ccap.o(.rev16_text), (4 bytes).
    Removing ccap.o(.revsh_text), (4 bytes).
    Removing ccap.o(.rrx_text), (6 bytes).
    Removing ccap.o(i.CCAP_Close), (16 bytes).
    Removing ccap.o(i.CCAP_DisableInt), (16 bytes).
    Removing ccap.o(i.CCAP_DisableLumaYOne), (16 bytes).
    Removing ccap.o(i.CCAP_DisableMono), (16 bytes).
    Removing ccap.o(i.CCAP_EnableInt), (20 bytes).
    Removing ccap.o(i.CCAP_EnableLumaYOne), (20 bytes).
    Removing ccap.o(i.CCAP_EnableMono), (20 bytes).
    Removing ccap.o(i.CCAP_Open), (32 bytes).
    Removing ccap.o(i.CCAP_SetCroppingWindow), (40 bytes).
    Removing ccap.o(i.CCAP_SetPacketBuf), (20 bytes).
    Removing ccap.o(i.CCAP_SetPacketScaling), (80 bytes).
    Removing ccap.o(i.CCAP_SetPacketStride), (20 bytes).
    Removing ccap.o(i.CCAP_Start), (16 bytes).
    Removing ccap.o(i.CCAP_Stop), (36 bytes).
    Removing clk.o(.rev16_text), (4 bytes).
    Removing clk.o(.revsh_text), (4 bytes).
    Removing clk.o(.rrx_text), (6 bytes).
    Removing clk.o(i.CLK_DisableCKO), (12 bytes).
    Removing clk.o(i.CLK_DisableModuleClock), (28 bytes).
    Removing clk.o(i.CLK_DisableSysTick), (10 bytes).
    Removing clk.o(i.CLK_DisableXtalRC), (16 bytes).
    Removing clk.o(i.CLK_EnableCKO), (48 bytes).
    Removing clk.o(i.CLK_EnableDPDWKPin), (26 bytes).
    Removing clk.o(i.CLK_EnableSPDWKPin), (36 bytes).
    Removing clk.o(i.CLK_EnableSysTick), (56 bytes).
    Removing clk.o(i.CLK_GetCPUFreq), (16 bytes).
    Removing clk.o(i.CLK_GetHCLKFreq), (16 bytes).
    Removing clk.o(i.CLK_GetHXTFreq), (20 bytes).
    Removing clk.o(i.CLK_GetLXTFreq), (22 bytes).
    Removing clk.o(i.CLK_GetModuleClockDivider), (96 bytes).
    Removing clk.o(i.CLK_GetModuleClockSource), (144 bytes).
    Removing clk.o(i.CLK_GetPMUWKSrc), (10 bytes).
    Removing clk.o(i.CLK_Idle), (32 bytes).
    Removing clk.o(i.CLK_PowerDown), (48 bytes).
    Removing clk.o(i.CLK_SetPowerDownMode), (102 bytes).
    Removing clk.o(i.CLK_SetSysTickClockSrc), (20 bytes).
    Removing clk.o(.constdata), (32 bytes).
    Removing crc.o(.rev16_text), (4 bytes).
    Removing crc.o(.revsh_text), (4 bytes).
    Removing crc.o(.rrx_text), (6 bytes).
    Removing crc.o(i.CRC_GetChecksum), (52 bytes).
    Removing crc.o(i.CRC_Open), (32 bytes).
    Removing crypto.o(.rev16_text), (4 bytes).
    Removing crypto.o(.revsh_text), (4 bytes).
    Removing crypto.o(.rrx_text), (6 bytes).
    Removing crypto.o(i.AES_Open), (44 bytes).
    Removing crypto.o(i.AES_SetDMATransfer), (28 bytes).
    Removing crypto.o(i.AES_SetInitVect), (28 bytes).
    Removing crypto.o(i.AES_SetKey), (38 bytes).
    Removing crypto.o(i.AES_Start), (32 bytes).
    Removing crypto.o(i.ECC_Complete), (40 bytes).
    Removing crypto.o(i.ECC_GeneratePublicKey), (148 bytes).
    Removing crypto.o(i.ECC_GenerateSecretZ), (220 bytes).
    Removing crypto.o(i.ECC_GenerateSignature), (528 bytes).
    Removing crypto.o(i.ECC_IsPrivateKeyValid), (156 bytes).
    Removing crypto.o(i.ECC_Mutiply), (180 bytes).
    Removing crypto.o(i.ECC_VerifySignature), (816 bytes).
    Removing crypto.o(i.Hex2Reg), (64 bytes).
    Removing crypto.o(i.Hex2RegEx), (94 bytes).
    Removing crypto.o(i.PRNG_Open), (14 bytes).
    Removing crypto.o(i.PRNG_Read), (42 bytes).
    Removing crypto.o(i.PRNG_Start), (10 bytes).
    Removing crypto.o(i.Reg2Hex), (60 bytes).
    Removing crypto.o(i.SHA_Open), (52 bytes).
    Removing crypto.o(i.SHA_Read), (64 bytes).
    Removing crypto.o(i.SHA_SetDMATransfer), (10 bytes).
    Removing crypto.o(i.SHA_Start), (30 bytes).
    Removing crypto.o(i.TDES_Open), (56 bytes).
    Removing crypto.o(i.TDES_SetDMATransfer), (24 bytes).
    Removing crypto.o(i.TDES_SetInitVect), (16 bytes).
    Removing crypto.o(i.TDES_SetKey), (32 bytes).
    Removing crypto.o(i.TDES_Start), (32 bytes).
    Removing crypto.o(i.ch2hex), (26 bytes).
    Removing crypto.o(i.ecc_init_curve), (296 bytes).
    Removing crypto.o(i.get_curve), (68 bytes).
    Removing crypto.o(i.get_nibble_value), (36 bytes).
    Removing crypto.o(i.run_ecc_codec), (88 bytes).
    Removing crypto.o(.bss), (1156 bytes).
    Removing crypto.o(.constdata), (20244 bytes).
    Removing crypto.o(.data), (29 bytes).
    Removing dac.o(.rev16_text), (4 bytes).
    Removing dac.o(.revsh_text), (4 bytes).
    Removing dac.o(.rrx_text), (6 bytes).
    Removing dac.o(i.DAC_Close), (10 bytes).
    Removing dac.o(i.DAC_Open), (22 bytes).
    Removing dac.o(i.DAC_SetDelayTime), (44 bytes).
    Removing eadc.o(.rev16_text), (4 bytes).
    Removing eadc.o(.revsh_text), (4 bytes).
    Removing eadc.o(.rrx_text), (6 bytes).
    Removing eadc.o(i.EADC_Close), (10 bytes).
    Removing eadc.o(i.EADC_ConfigSampleModule), (32 bytes).
    Removing eadc.o(i.EADC_Open), (28 bytes).
    Removing eadc.o(i.EADC_SetExtendSampleTime), (24 bytes).
    Removing eadc.o(i.EADC_SetTriggerDelayTime), (30 bytes).
    Removing ebi.o(.rev16_text), (4 bytes).
    Removing ebi.o(.revsh_text), (4 bytes).
    Removing ebi.o(.rrx_text), (6 bytes).
    Removing ebi.o(i.EBI_Close), (20 bytes).
    Removing ebi.o(i.EBI_Open), (220 bytes).
    Removing ebi.o(i.EBI_SetBusTiming), (36 bytes).
    Removing ecap.o(.rev16_text), (4 bytes).
    Removing ecap.o(.revsh_text), (4 bytes).
    Removing ecap.o(.rrx_text), (6 bytes).
    Removing ecap.o(i.ECAP_Close), (10 bytes).
    Removing ecap.o(i.ECAP_DisableINT), (28 bytes).
    Removing ecap.o(i.ECAP_EnableINT), (28 bytes).
    Removing ecap.o(i.ECAP_Open), (20 bytes).
    Removing ecap.o(i.NVIC_DisableIRQ), (22 bytes).
    Removing ecap.o(i.NVIC_EnableIRQ), (22 bytes).
    Removing emac.o(.rev16_text), (4 bytes).
    Removing emac.o(.revsh_text), (4 bytes).
    Removing emac.o(.rrx_text), (6 bytes).
    Removing emac.o(i.EMAC_CheckLinkStatus), (120 bytes).
    Removing emac.o(i.EMAC_ClaimFreeTXBuf), (24 bytes).
    Removing emac.o(i.EMAC_Close), (28 bytes).
    Removing emac.o(i.EMAC_DisableAlarm), (20 bytes).
    Removing emac.o(i.EMAC_DisableCamEntry), (20 bytes).
    Removing emac.o(i.EMAC_DisableTS), (16 bytes).
    Removing emac.o(i.EMAC_EnableAlarm), (36 bytes).
    Removing emac.o(i.EMAC_EnableCamEntry), (56 bytes).
    Removing emac.o(i.EMAC_EnableTS), (128 bytes).
    Removing emac.o(i.EMAC_FillCamEntry), (124 bytes).
    Removing emac.o(i.EMAC_GetAvailRXBufSize), (40 bytes).
    Removing emac.o(i.EMAC_GetTime), (32 bytes).
    Removing emac.o(i.EMAC_MdioRead), (32 bytes).
    Removing emac.o(i.EMAC_MdioWrite), (32 bytes).
    Removing emac.o(i.EMAC_Nsec2Subsec), (20 bytes).
    Removing emac.o(i.EMAC_Open), (60 bytes).
    Removing emac.o(i.EMAC_PhyInit), (212 bytes).
    Removing emac.o(i.EMAC_RecvPkt), (64 bytes).
    Removing emac.o(i.EMAC_RecvPktDone), (44 bytes).
    Removing emac.o(i.EMAC_RecvPktDoneWoRxTrigger), (32 bytes).
    Removing emac.o(i.EMAC_RecvPktTS), (92 bytes).
    Removing emac.o(i.EMAC_RxDescInit), (100 bytes).
    Removing emac.o(i.EMAC_SendPkt), (64 bytes).
    Removing emac.o(i.EMAC_SendPktDone), (80 bytes).
    Removing emac.o(i.EMAC_SendPktDoneTS), (88 bytes).
    Removing emac.o(i.EMAC_SendPktWoCopy), (48 bytes).
    Removing emac.o(i.EMAC_SetMacAddr), (8 bytes).
    Removing emac.o(i.EMAC_SetTime), (40 bytes).
    Removing emac.o(i.EMAC_Subsec2Nsec), (20 bytes).
    Removing emac.o(i.EMAC_TxDescInit), (112 bytes).
    Removing emac.o(i.EMAC_UpdateTime), (52 bytes).
    Removing emac.o(.bss), (12384 bytes).
    Removing emac.o(.data), (16 bytes).
    Removing epwm.o(.rev16_text), (4 bytes).
    Removing epwm.o(.revsh_text), (4 bytes).
    Removing epwm.o(.rrx_text), (6 bytes).
    Removing epwm.o(i.EPWM_ClearADCTriggerFlag), (12 bytes).
    Removing epwm.o(i.EPWM_ClearAccInt), (10 bytes).
    Removing epwm.o(i.EPWM_ClearCaptureIntFlag), (8 bytes).
    Removing epwm.o(i.EPWM_ClearDACTriggerFlag), (10 bytes).
    Removing epwm.o(i.EPWM_ClearDutyIntFlag), (16 bytes).
    Removing epwm.o(i.EPWM_ClearFTDutyIntFlag), (14 bytes).
    Removing epwm.o(i.EPWM_ClearFaultBrakeIntFlag), (10 bytes).
    Removing epwm.o(i.EPWM_ClearFaultDetectInt), (10 bytes).
    Removing epwm.o(i.EPWM_ClearPeriodIntFlag), (12 bytes).
    Removing epwm.o(i.EPWM_ClearWrapAroundFlag), (10 bytes).
    Removing epwm.o(i.EPWM_ClearZeroIntFlag), (10 bytes).
    Removing epwm.o(i.EPWM_ConfigCaptureChannel), (176 bytes).
    Removing epwm.o(i.EPWM_ConfigSyncPhase), (50 bytes).
    Removing epwm.o(i.EPWM_DisableADCTrigger), (30 bytes).
    Removing epwm.o(i.EPWM_DisableADCTriggerPrescale), (16 bytes).
    Removing epwm.o(i.EPWM_DisableAcc), (18 bytes).
    Removing epwm.o(i.EPWM_DisableAccInt), (16 bytes).
    Removing epwm.o(i.EPWM_DisableAccPDMA), (16 bytes).
    Removing epwm.o(i.EPWM_DisableAccStopMode), (18 bytes).
    Removing epwm.o(i.EPWM_DisableBrakeNoiseFilter), (16 bytes).
    Removing epwm.o(i.EPWM_DisableBrakePinInverse), (16 bytes).
    Removing epwm.o(i.EPWM_DisableCapture), (22 bytes).
    Removing epwm.o(i.EPWM_DisableCaptureInt), (14 bytes).
    Removing epwm.o(i.EPWM_DisableDACTrigger), (16 bytes).
    Removing epwm.o(i.EPWM_DisableDeadZone), (16 bytes).
    Removing epwm.o(i.EPWM_DisableDutyInt), (20 bytes).
    Removing epwm.o(i.EPWM_DisableFaultBrakeInt), (14 bytes).
    Removing epwm.o(i.EPWM_DisableFaultDetect), (16 bytes).
    Removing epwm.o(i.EPWM_DisableFaultDetectDeglitch), (18 bytes).
    Removing epwm.o(i.EPWM_DisableFaultDetectInt), (16 bytes).
    Removing epwm.o(i.EPWM_DisableFaultDetectMask), (18 bytes).
    Removing epwm.o(i.EPWM_DisableFaultDetectOutput), (18 bytes).
    Removing epwm.o(i.EPWM_DisableLoadMode), (10 bytes).
    Removing epwm.o(i.EPWM_DisablePDMA), (20 bytes).
    Removing epwm.o(i.EPWM_DisablePeriodInt), (16 bytes).
    Removing epwm.o(i.EPWM_DisableSyncNoiseFilter), (10 bytes).
    Removing epwm.o(i.EPWM_DisableSyncPhase), (34 bytes).
    Removing epwm.o(i.EPWM_DisableSyncPinInverse), (10 bytes).
    Removing epwm.o(i.EPWM_DisableZeroInt), (14 bytes).
    Removing epwm.o(i.EPWM_EnableADCTrigger), (44 bytes).
    Removing epwm.o(i.EPWM_EnableADCTriggerPrescale), (106 bytes).
    Removing epwm.o(i.EPWM_EnableAcc), (36 bytes).
    Removing epwm.o(i.EPWM_EnableAccInt), (16 bytes).
    Removing epwm.o(i.EPWM_EnableAccPDMA), (16 bytes).
    Removing epwm.o(i.EPWM_EnableAccStopMode), (18 bytes).
    Removing epwm.o(i.EPWM_EnableBrakeNoiseFilter), (30 bytes).
    Removing epwm.o(i.EPWM_EnableBrakePinInverse), (16 bytes).
    Removing epwm.o(i.EPWM_EnableCapture), (22 bytes).
    Removing epwm.o(i.EPWM_EnableCaptureInt), (14 bytes).
    Removing epwm.o(i.EPWM_EnableDACTrigger), (12 bytes).
    Removing epwm.o(i.EPWM_EnableDeadZone), (26 bytes).
    Removing epwm.o(i.EPWM_EnableDutyInt), (12 bytes).
    Removing epwm.o(i.EPWM_EnableFaultBrake), (228 bytes).
    Removing epwm.o(i.EPWM_EnableFaultBrakeInt), (14 bytes).
    Removing epwm.o(i.EPWM_EnableFaultDetect), (48 bytes).
    Removing epwm.o(i.EPWM_EnableFaultDetectDeglitch), (26 bytes).
    Removing epwm.o(i.EPWM_EnableFaultDetectInt), (16 bytes).
    Removing epwm.o(i.EPWM_EnableFaultDetectMask), (24 bytes).
    Removing epwm.o(i.EPWM_EnableFaultDetectOutput), (18 bytes).
    Removing epwm.o(i.EPWM_EnableLoadMode), (10 bytes).
    Removing epwm.o(i.EPWM_EnablePDMA), (40 bytes).
    Removing epwm.o(i.EPWM_EnablePeriodInt), (16 bytes).
    Removing epwm.o(i.EPWM_EnableSyncNoiseFilter), (22 bytes).
    Removing epwm.o(i.EPWM_EnableSyncPhase), (34 bytes).
    Removing epwm.o(i.EPWM_EnableSyncPinInverse), (10 bytes).
    Removing epwm.o(i.EPWM_EnableZeroInt), (14 bytes).
    Removing epwm.o(i.EPWM_ForceStop), (8 bytes).
    Removing epwm.o(i.EPWM_GetADCTriggerFlag), (18 bytes).
    Removing epwm.o(i.EPWM_GetAccInt), (16 bytes).
    Removing epwm.o(i.EPWM_GetCaptureIntFlag), (36 bytes).
    Removing epwm.o(i.EPWM_GetDACTriggerFlag), (10 bytes).
    Removing epwm.o(i.EPWM_GetDutyIntFlag), (20 bytes).
    Removing epwm.o(i.EPWM_GetFTDutyIntFlag), (20 bytes).
    Removing epwm.o(i.EPWM_GetFaultBrakeIntFlag), (16 bytes).
    Removing epwm.o(i.EPWM_GetFaultDetectInt), (16 bytes).
    Removing epwm.o(i.EPWM_GetPeriodIntFlag), (18 bytes).
    Removing epwm.o(i.EPWM_GetWrapAroundFlag), (16 bytes).
    Removing epwm.o(i.EPWM_GetZeroIntFlag), (16 bytes).
    Removing epwm.o(i.EPWM_SetBrakePinSource), (30 bytes).
    Removing epwm.o(i.EPWM_SetClockSource), (22 bytes).
    Removing epwm.o(i.EPWM_SetLeadingEdgeBlanking), (20 bytes).
    Removing epwm.o(i.EPWM_Stop), (30 bytes).
    Removing fmc.o(.rev16_text), (4 bytes).
    Removing fmc.o(.revsh_text), (4 bytes).
    Removing fmc.o(.rrx_text), (6 bytes).
    Removing fmc.o(i.FMC_CheckAllOne), (88 bytes).
    Removing fmc.o(i.FMC_Close), (16 bytes).
    Removing fmc.o(i.FMC_CompareSPKey), (76 bytes).
    Removing fmc.o(i.FMC_ConfigXOM), (148 bytes).
    Removing fmc.o(i.FMC_Erase), (64 bytes).
    Removing fmc.o(i.FMC_EraseXOM), (116 bytes).
    Removing fmc.o(i.FMC_Erase_Bank), (48 bytes).
    Removing fmc.o(i.FMC_Erase_Block), (48 bytes).
    Removing fmc.o(i.FMC_Erase_SPROM), (56 bytes).
    Removing fmc.o(i.FMC_GetBootSource), (32 bytes).
    Removing fmc.o(i.FMC_GetChkSum), (56 bytes).
    Removing fmc.o(i.FMC_GetXOMState), (36 bytes).
    Removing fmc.o(i.FMC_Is_OTP_Locked), (76 bytes).
    Removing fmc.o(i.FMC_Lock_OTP), (68 bytes).
    Removing fmc.o(i.FMC_Open), (16 bytes).
    Removing fmc.o(i.FMC_Read), (28 bytes).
    Removing fmc.o(i.FMC_ReadConfig), (44 bytes).
    Removing fmc.o(i.FMC_ReadDataFlashBaseAddr), (12 bytes).
    Removing fmc.o(i.FMC_Read_64), (64 bytes).
    Removing fmc.o(i.FMC_Read_OTP), (80 bytes).
    Removing fmc.o(i.FMC_SetBootSource), (28 bytes).
    Removing fmc.o(i.FMC_SetSPKey), (252 bytes).
    Removing fmc.o(i.FMC_Write), (28 bytes).
    Removing fmc.o(i.FMC_Write8Bytes), (56 bytes).
    Removing fmc.o(i.FMC_WriteConfig), (140 bytes).
    Removing fmc.o(i.FMC_WriteMultiple), (220 bytes).
    Removing fmc.o(i.FMC_Write_OTP), (104 bytes).
    Removing gpio.o(.rev16_text), (4 bytes).
    Removing gpio.o(.revsh_text), (4 bytes).
    Removing gpio.o(.rrx_text), (6 bytes).
    Removing gpio.o(i.GPIO_DisableInt), (24 bytes).
    Removing gpio.o(i.GPIO_EnableInt), (40 bytes).
    Removing gpio.o(i.GPIO_SetPullCtl), (44 bytes).
    Removing gpio.o(i.GPIO_SetSlewCtl), (44 bytes).
    Removing hsusbd.o(.rev16_text), (4 bytes).
    Removing hsusbd.o(.revsh_text), (4 bytes).
    Removing hsusbd.o(.rrx_text), (6 bytes).
    Removing hsusbd.o(i.HSUSBD_CtrlIn), (128 bytes).
    Removing hsusbd.o(i.HSUSBD_CtrlOut), (44 bytes).
    Removing hsusbd.o(i.HSUSBD_GetDescriptor), (264 bytes).
    Removing hsusbd.o(i.HSUSBD_Open), (76 bytes).
    Removing hsusbd.o(i.HSUSBD_PrepareCtrlIn), (12 bytes).
    Removing hsusbd.o(i.HSUSBD_ProcessSetupPacket), (76 bytes).
    Removing hsusbd.o(i.HSUSBD_SetVendorRequest), (12 bytes).
    Removing hsusbd.o(i.HSUSBD_StandardRequest), (384 bytes).
    Removing hsusbd.o(i.HSUSBD_Start), (16 bytes).
    Removing hsusbd.o(i.HSUSBD_SwReset), (28 bytes).
    Removing hsusbd.o(i.HSUSBD_UpdateDeviceState), (224 bytes).
    Removing hsusbd.o(.bss), (12 bytes).
    Removing hsusbd.o(.data), (52 bytes).
    Removing i2c.o(.rev16_text), (4 bytes).
    Removing i2c.o(.revsh_text), (4 bytes).
    Removing i2c.o(.rrx_text), (6 bytes).
    Removing i2c.o(i.I2C_ClearTimeoutFlag), (10 bytes).
    Removing i2c.o(i.I2C_Close), (92 bytes).
    Removing i2c.o(i.I2C_DisableInt), (10 bytes).
    Removing i2c.o(i.I2C_DisableTimeout), (10 bytes).
    Removing i2c.o(i.I2C_DisableWakeup), (10 bytes).
    Removing i2c.o(i.I2C_EnableInt), (10 bytes).
    Removing i2c.o(i.I2C_EnableTimeout), (28 bytes).
    Removing i2c.o(i.I2C_EnableWakeup), (10 bytes).
    Removing i2c.o(i.I2C_GetBusClockFreq), (36 bytes).
    Removing i2c.o(i.I2C_GetData), (6 bytes).
    Removing i2c.o(i.I2C_GetIntFlag), (14 bytes).
    Removing i2c.o(i.I2C_GetStatus), (4 bytes).
    Removing i2c.o(i.I2C_Open), (68 bytes).
    Removing i2c.o(i.I2C_ReadByte), (114 bytes).
    Removing i2c.o(i.I2C_ReadByteOneReg), (140 bytes).
    Removing i2c.o(i.I2C_ReadByteTwoRegs), (162 bytes).
    Removing i2c.o(i.I2C_ReadMultiBytes), (142 bytes).
    Removing i2c.o(i.I2C_ReadMultiBytesOneReg), (172 bytes).
    Removing i2c.o(i.I2C_ReadMultiBytesTwoRegs), (192 bytes).
    Removing i2c.o(i.I2C_SMBusClearInterruptFlag), (4 bytes).
    Removing i2c.o(i.I2C_SMBusClockLoTimeout), (60 bytes).
    Removing i2c.o(i.I2C_SMBusClose), (6 bytes).
    Removing i2c.o(i.I2C_SMBusGetPECValue), (6 bytes).
    Removing i2c.o(i.I2C_SMBusGetStatus), (4 bytes).
    Removing i2c.o(i.I2C_SMBusIdleTimeout), (40 bytes).
    Removing i2c.o(i.I2C_SMBusOpen), (28 bytes).
    Removing i2c.o(i.I2C_SMBusPECTxEnable), (28 bytes).
    Removing i2c.o(i.I2C_SMBusSetPacketByteCount), (4 bytes).
    Removing i2c.o(i.I2C_SMBusTimeout), (60 bytes).
    Removing i2c.o(i.I2C_SetBusClockFreq), (60 bytes).
    Removing i2c.o(i.I2C_SetData), (4 bytes).
    Removing i2c.o(i.I2C_SetSlaveAddr), (32 bytes).
    Removing i2c.o(i.I2C_SetSlaveAddrMask), (30 bytes).
    Removing i2c.o(i.I2C_Trigger), (40 bytes).
    Removing i2c.o(i.I2C_WriteByte), (114 bytes).
    Removing i2c.o(i.I2C_WriteByteOneReg), (130 bytes).
    Removing i2c.o(i.I2C_WriteByteTwoRegs), (150 bytes).
    Removing i2c.o(i.I2C_WriteMultiBytes), (130 bytes).
    Removing i2c.o(i.I2C_WriteMultiBytesOneReg), (138 bytes).
    Removing i2c.o(i.I2C_WriteMultiBytesTwoRegs), (162 bytes).
    Removing i2s.o(.rev16_text), (4 bytes).
    Removing i2s.o(.revsh_text), (4 bytes).
    Removing i2s.o(.rrx_text), (6 bytes).
    Removing i2s.o(i.I2S_Close), (10 bytes).
    Removing i2s.o(i.I2S_ConfigureTDM), (24 bytes).
    Removing i2s.o(i.I2S_DisableInt), (8 bytes).
    Removing i2s.o(i.I2S_DisableMCLK), (10 bytes).
    Removing i2s.o(i.I2S_EnableInt), (8 bytes).
    Removing i2s.o(i.I2S_EnableMCLK), (60 bytes).
    Removing i2s.o(i.I2S_GetSourceClockFreq), (44 bytes).
    Removing i2s.o(i.I2S_Open), (136 bytes).
    Removing i2s.o(i.I2S_SetFIFO), (24 bytes).
    Removing pdma.o(.rev16_text), (4 bytes).
    Removing pdma.o(.revsh_text), (4 bytes).
    Removing pdma.o(.rrx_text), (6 bytes).
    Removing pdma.o(i.PDMA_Close), (8 bytes).
    Removing pdma.o(i.PDMA_DisableInt), (52 bytes).
    Removing pdma.o(i.PDMA_DisableTimeout), (12 bytes).
    Removing pdma.o(i.PDMA_EnableInt), (52 bytes).
    Removing pdma.o(i.PDMA_EnableTimeout), (12 bytes).
    Removing pdma.o(i.PDMA_Open), (48 bytes).
    Removing pdma.o(i.PDMA_SetBurstType), (22 bytes).
    Removing pdma.o(i.PDMA_SetRepeat), (34 bytes).
    Removing pdma.o(i.PDMA_SetStride), (40 bytes).
    Removing pdma.o(i.PDMA_SetTimeOut), (56 bytes).
    Removing pdma.o(i.PDMA_SetTransferAddr), (32 bytes).
    Removing pdma.o(i.PDMA_SetTransferCnt), (36 bytes).
    Removing pdma.o(i.PDMA_SetTransferMode), (320 bytes).
    Removing pdma.o(i.PDMA_Trigger), (24 bytes).
    Removing pdma.o(.bss), (16 bytes).
    Removing qei.o(.rev16_text), (4 bytes).
    Removing qei.o(.revsh_text), (4 bytes).
    Removing qei.o(.rrx_text), (6 bytes).
    Removing qei.o(i.NVIC_DisableIRQ), (22 bytes).
    Removing qei.o(i.NVIC_EnableIRQ), (22 bytes).
    Removing qei.o(i.QEI_Close), (6 bytes).
    Removing qei.o(i.QEI_DisableInt), (28 bytes).
    Removing qei.o(i.QEI_EnableInt), (28 bytes).
    Removing qei.o(i.QEI_Open), (18 bytes).
    Removing qei.o(i.QEI_Start), (10 bytes).
    Removing qei.o(i.QEI_Stop), (10 bytes).
    Removing qspi.o(.rev16_text), (4 bytes).
    Removing qspi.o(.revsh_text), (4 bytes).
    Removing qspi.o(.rrx_text), (6 bytes).
    Removing qspi.o(i.QSPI_ClearIntFlag), (72 bytes).
    Removing qspi.o(i.QSPI_ClearRxFIFO), (10 bytes).
    Removing qspi.o(i.QSPI_ClearTxFIFO), (10 bytes).
    Removing qspi.o(i.QSPI_Close), (60 bytes).
    Removing qspi.o(i.QSPI_DisableAutoSS), (10 bytes).
    Removing qspi.o(i.QSPI_DisableInt), (122 bytes).
    Removing qspi.o(i.QSPI_EnableAutoSS), (18 bytes).
    Removing qspi.o(i.QSPI_EnableInt), (122 bytes).
    Removing qspi.o(i.QSPI_GetBusClock), (136 bytes).
    Removing qspi.o(i.QSPI_GetIntFlag), (168 bytes).
    Removing qspi.o(i.QSPI_GetStatus), (136 bytes).
    Removing qspi.o(i.QSPI_Open), (380 bytes).
    Removing qspi.o(i.QSPI_SetBusClock), (260 bytes).
    Removing qspi.o(i.QSPI_SetFIFO), (18 bytes).
    Removing retarget.o(.rev16_text), (4 bytes).
    Removing retarget.o(.revsh_text), (4 bytes).
    Removing retarget.o(.rrx_text), (6 bytes).
    Removing retarget.o(i.IsDebugFifoEmpty), (16 bytes).
    Removing retarget.o(i._ttywrch), (4 bytes).
    Removing retarget.o(i.ferror), (6 bytes).
    Removing retarget.o(i.fgetc), (20 bytes).
    Removing retarget.o(i.kbhit), (16 bytes).
    Removing retarget.o(.data), (4 bytes).
    Removing rtc.o(.rev16_text), (4 bytes).
    Removing rtc.o(.revsh_text), (4 bytes).
    Removing rtc.o(.rrx_text), (6 bytes).
    Removing rtc.o(i.RTC_32KCalibration), (128 bytes).
    Removing rtc.o(i.RTC_Close), (18 bytes).
    Removing rtc.o(i.RTC_DisableInt), (28 bytes).
    Removing rtc.o(i.RTC_DisableSpareRegister), (24 bytes).
    Removing rtc.o(i.RTC_DynamicTamperConfig), (72 bytes).
    Removing rtc.o(i.RTC_DynamicTamperDisable), (96 bytes).
    Removing rtc.o(i.RTC_DynamicTamperEnable), (156 bytes).
    Removing rtc.o(i.RTC_EnableInt), (24 bytes).
    Removing rtc.o(i.RTC_EnableSpareAccess), (24 bytes).
    Removing rtc.o(i.RTC_GetAlarmDateAndTime), (252 bytes).
    Removing rtc.o(i.RTC_GetDateAndTime), (236 bytes).
    Removing rtc.o(i.RTC_GetDayOfWeek), (16 bytes).
    Removing rtc.o(i.RTC_Open), (40 bytes).
    Removing rtc.o(i.RTC_SetAlarmDate), (80 bytes).
    Removing rtc.o(i.RTC_SetAlarmDateAndTime), (196 bytes).
    Removing rtc.o(i.RTC_SetAlarmDateMask), (56 bytes).
    Removing rtc.o(i.RTC_SetAlarmTime), (108 bytes).
    Removing rtc.o(i.RTC_SetAlarmTimeMask), (56 bytes).
    Removing rtc.o(i.RTC_SetDate), (92 bytes).
    Removing rtc.o(i.RTC_SetDateAndTime), (204 bytes).
    Removing rtc.o(i.RTC_SetTickPeriod), (28 bytes).
    Removing rtc.o(i.RTC_SetTime), (108 bytes).
    Removing rtc.o(i.RTC_StaticTamperDisable), (56 bytes).
    Removing rtc.o(i.RTC_StaticTamperEnable), (88 bytes).
    Removing rtc.o(i.RTC_WaitAccessEnable), (40 bytes).
    Removing rtc.o(.data), (48 bytes).
    Removing sc.o(.rev16_text), (4 bytes).
    Removing sc.o(.revsh_text), (4 bytes).
    Removing sc.o(.rrx_text), (6 bytes).
    Removing sc.o(i.SC_ClearFIFO), (16 bytes).
    Removing sc.o(i.SC_Close), (24 bytes).
    Removing sc.o(i.SC_GetInterfaceClock), (112 bytes).
    Removing sc.o(i.SC_IsCardInserted), (80 bytes).
    Removing sc.o(i.SC_Open), (92 bytes).
    Removing sc.o(i.SC_ResetReader), (112 bytes).
    Removing sc.o(i.SC_SetBlockGuardTime), (20 bytes).
    Removing sc.o(i.SC_SetCharGuardTime), (18 bytes).
    Removing sc.o(i.SC_StartTimer), (70 bytes).
    Removing sc.o(i.SC_StopAllTimer), (16 bytes).
    Removing sc.o(i.SC_StopTimer), (36 bytes).
    Removing sc.o(.bss), (12 bytes).
    Removing scuart.o(.rev16_text), (4 bytes).
    Removing scuart.o(.revsh_text), (4 bytes).
    Removing scuart.o(.rrx_text), (6 bytes).
    Removing scuart.o(i.SCUART_Close), (10 bytes).
    Removing scuart.o(i.SCUART_GetClock), (104 bytes).
    Removing scuart.o(i.SCUART_Open), (42 bytes).
    Removing scuart.o(i.SCUART_Read), (26 bytes).
    Removing scuart.o(i.SCUART_SetLineConfig), (68 bytes).
    Removing scuart.o(i.SCUART_SetTimeoutCnt), (4 bytes).
    Removing scuart.o(i.SCUART_Write), (24 bytes).
    Removing sdh.o(.rev16_text), (4 bytes).
    Removing sdh.o(.revsh_text), (4 bytes).
    Removing sdh.o(.rrx_text), (6 bytes).
    Removing sdh.o(i.NVIC_EnableIRQ), (22 bytes).
    Removing sdh.o(i.SDH_CardDetection), (124 bytes).
    Removing sdh.o(i.SDH_CheckRB), (30 bytes).
    Removing sdh.o(i.SDH_Get_SD_info), (248 bytes).
    Removing sdh.o(i.SDH_Init), (472 bytes).
    Removing sdh.o(i.SDH_Open), (176 bytes).
    Removing sdh.o(i.SDH_Probe), (152 bytes).
    Removing sdh.o(i.SDH_Read), (428 bytes).
    Removing sdh.o(i.SDH_SDCmdAndRsp), (180 bytes).
    Removing sdh.o(i.SDH_SDCmdAndRsp2), (144 bytes).
    Removing sdh.o(i.SDH_SDCmdAndRspDataIn), (120 bytes).
    Removing sdh.o(i.SDH_SDCommand), (80 bytes).
    Removing sdh.o(i.SDH_SelectCardType), (392 bytes).
    Removing sdh.o(i.SDH_Set_clock), (396 bytes).
    Removing sdh.o(i.SDH_Swap32), (28 bytes).
    Removing sdh.o(i.SDH_SwitchToHighSpeed), (128 bytes).
    Removing sdh.o(i.SDH_Write), (420 bytes).
    Removing sdh.o(.bss), (1080 bytes).
    Removing sdh.o(.data), (16 bytes).
    Removing spi.o(.rev16_text), (4 bytes).
    Removing spi.o(.revsh_text), (4 bytes).
    Removing spi.o(.rrx_text), (6 bytes).
    Removing spi.o(i.SPII2S_Close), (10 bytes).
    Removing spi.o(i.SPII2S_DisableInt), (86 bytes).
    Removing spi.o(i.SPII2S_DisableMCLK), (10 bytes).
    Removing spi.o(i.SPII2S_EnableInt), (86 bytes).
    Removing spi.o(i.SPII2S_EnableMCLK), (60 bytes).
    Removing spi.o(i.SPII2S_GetSourceClockFreq), (184 bytes).
    Removing spi.o(i.SPII2S_Open), (332 bytes).
    Removing spi.o(i.SPII2S_SetFIFO), (18 bytes).
    Removing spi.o(i.SPI_ClearIntFlag), (72 bytes).
    Removing spi.o(i.SPI_ClearRxFIFO), (10 bytes).
    Removing spi.o(i.SPI_ClearTxFIFO), (10 bytes).
    Removing spi.o(i.SPI_Close), (100 bytes).
    Removing spi.o(i.SPI_DisableAutoSS), (10 bytes).
    Removing spi.o(i.SPI_DisableInt), (122 bytes).
    Removing spi.o(i.SPI_EnableAutoSS), (18 bytes).
    Removing spi.o(i.SPI_EnableInt), (122 bytes).
    Removing spi.o(i.SPI_GetBusClock), (204 bytes).
    Removing spi.o(i.SPI_GetIntFlag), (168 bytes).
    Removing spi.o(i.SPI_GetStatus), (136 bytes).
    Removing spi.o(i.SPI_Open), (500 bytes).
    Removing spi.o(i.SPI_SetBusClock), (344 bytes).
    Removing spi.o(i.SPI_SetFIFO), (18 bytes).
    Removing spim.o(.rev16_text), (4 bytes).
    Removing spim.o(.revsh_text), (4 bytes).
    Removing spim.o(.rrx_text), (6 bytes).
    Removing spim.o(i.SPIM_ChipErase), (72 bytes).
    Removing spim.o(i.SPIM_DMA_Read), (76 bytes).
    Removing spim.o(i.SPIM_DMA_Write), (116 bytes).
    Removing spim.o(i.SPIM_Enable_4Bytes_Mode), (180 bytes).
    Removing spim.o(i.SPIM_EnterDirectMapMode), (56 bytes).
    Removing spim.o(i.SPIM_EraseBlock), (124 bytes).
    Removing spim.o(i.SPIM_ExitDirectMapMode), (16 bytes).
    Removing spim.o(i.SPIM_GetSClkFreq), (28 bytes).
    Removing spim.o(i.SPIM_IO_Read), (168 bytes).
    Removing spim.o(i.SPIM_IO_Write), (154 bytes).
    Removing spim.o(i.SPIM_InitFlash), (264 bytes).
    Removing spim.o(i.SPIM_Is4ByteModeEnable), (220 bytes).
    Removing spim.o(i.SPIM_ReadJedecId), (72 bytes).
    Removing spim.o(i.SPIM_ReadStatusRegister), (72 bytes).
    Removing spim.o(i.SPIM_ReadStatusRegister2), (72 bytes).
    Removing spim.o(i.SPIM_SPANSION_4Bytes_Enable), (120 bytes).
    Removing spim.o(i.SPIM_SetQuadEnable), (178 bytes).
    Removing spim.o(i.SPIM_WinbondUnlock), (118 bytes).
    Removing spim.o(i.SPIM_WriteInPageDataByIo), (156 bytes).
    Removing spim.o(i.SPIM_WriteInPageDataByPageWrite), (156 bytes).
    Removing spim.o(i.SPIM_WriteStatusRegister), (56 bytes).
    Removing spim.o(i.SPIM_WriteStatusRegister2), (64 bytes).
    Removing spim.o(i.SwitchNBitInput), (52 bytes).
    Removing spim.o(i.SwitchNBitOutput), (56 bytes).
    Removing spim.o(i.spim_enable_spansion_quad_mode), (260 bytes).
    Removing spim.o(i.spim_eon_set_qpi_mode), (88 bytes).
    Removing spim.o(i.spim_read), (188 bytes).
    Removing spim.o(i.spim_set_write_enable), (56 bytes).
    Removing spim.o(i.spim_wait_write_done), (68 bytes).
    Removing spim.o(i.spim_write), (240 bytes).
    Removing spim.o(.data), (5 bytes).
    Removing sys.o(.rev16_text), (4 bytes).
    Removing sys.o(.revsh_text), (4 bytes).
    Removing sys.o(.rrx_text), (6 bytes).
    Removing sys.o(i.SYS_ClearResetSrc), (12 bytes).
    Removing sys.o(i.SYS_DisableBOD), (14 bytes).
    Removing sys.o(i.SYS_EnableBOD), (34 bytes).
    Removing sys.o(i.SYS_GetBODStatus), (12 bytes).
    Removing sys.o(i.SYS_GetResetSrc), (8 bytes).
    Removing sys.o(i.SYS_IsRegLocked), (16 bytes).
    Removing sys.o(i.SYS_ReadPDID), (8 bytes).
    Removing sys.o(i.SYS_ResetCPU), (14 bytes).
    Removing sys.o(i.SYS_ResetChip), (14 bytes).
    Removing sys.o(i.SYS_ResetModule), (24 bytes).
    Removing sys.o(i.SYS_SetPowerLevel), (20 bytes).
    Removing sys.o(i.SYS_SetVRef), (16 bytes).
    Removing timer.o(.rev16_text), (4 bytes).
    Removing timer.o(.revsh_text), (4 bytes).
    Removing timer.o(.rrx_text), (6 bytes).
    Removing timer.o(i.TIMER_Close), (8 bytes).
    Removing timer.o(i.TIMER_Delay), (132 bytes).
    Removing timer.o(i.TIMER_DisableCapture), (10 bytes).
    Removing timer.o(i.TIMER_DisableEventCounter), (10 bytes).
    Removing timer.o(i.TIMER_DisableFreqCounter), (10 bytes).
    Removing timer.o(i.TIMER_EnableCapture), (22 bytes).
    Removing timer.o(i.TIMER_EnableEventCounter), (20 bytes).
    Removing timer.o(i.TIMER_EnableFreqCounter), (52 bytes).
    Removing timer.o(i.TIMER_SetTriggerSource), (12 bytes).
    Removing timer.o(i.TIMER_SetTriggerTarget), (12 bytes).
    Removing timer_pwm.o(.rev16_text), (4 bytes).
    Removing timer_pwm.o(.revsh_text), (4 bytes).
    Removing timer_pwm.o(.rrx_text), (6 bytes).
    Removing timer_pwm.o(i.TPWM_ClearFaultBrakeIntFlag), (10 bytes).
    Removing timer_pwm.o(i.TPWM_ConfigOutputFreqAndDuty), (124 bytes).
    Removing timer_pwm.o(i.TPWM_DisableBrakePinDebounce), (10 bytes).
    Removing timer_pwm.o(i.TPWM_DisableBrakePinInverse), (10 bytes).
    Removing timer_pwm.o(i.TPWM_DisableCounter), (10 bytes).
    Removing timer_pwm.o(i.TPWM_DisableDeadTime), (6 bytes).
    Removing timer_pwm.o(i.TPWM_DisableFaultBrakeInt), (10 bytes).
    Removing timer_pwm.o(i.TPWM_DisableTriggerADC), (8 bytes).
    Removing timer_pwm.o(i.TPWM_EnableBrakePinDebounce), (32 bytes).
    Removing timer_pwm.o(i.TPWM_EnableBrakePinInverse), (10 bytes).
    Removing timer_pwm.o(i.TPWM_EnableCounter), (10 bytes).
    Removing timer_pwm.o(i.TPWM_EnableDeadTime), (8 bytes).
    Removing timer_pwm.o(i.TPWM_EnableDeadTimeWithPrescale), (12 bytes).
    Removing timer_pwm.o(i.TPWM_EnableFaultBrake), (34 bytes).
    Removing timer_pwm.o(i.TPWM_EnableFaultBrakeInt), (10 bytes).
    Removing timer_pwm.o(i.TPWM_EnableTriggerADC), (10 bytes).
    Removing timer_pwm.o(i.TPWM_GetFaultBrakeIntFlag), (16 bytes).
    Removing timer_pwm.o(i.TPWM_SetBrakePinSource), (14 bytes).
    Removing timer_pwm.o(i.TPWM_SetCounterClockSource), (12 bytes).
    Removing timer_pwm.o(i.TPWM_SetLoadMode), (12 bytes).
    Removing trng.o(.rev16_text), (4 bytes).
    Removing trng.o(.revsh_text), (4 bytes).
    Removing trng.o(.rrx_text), (6 bytes).
    Removing trng.o(i.TRNG_GenBignum), (84 bytes).
    Removing trng.o(i.TRNG_GenBignumHex), (124 bytes).
    Removing trng.o(i.TRNG_GenWord), (88 bytes).
    Removing trng.o(i.TRNG_Open), (52 bytes).
    Removing uart.o(.rev16_text), (4 bytes).
    Removing uart.o(.revsh_text), (4 bytes).
    Removing uart.o(.rrx_text), (6 bytes).
    Removing uart.o(i.UART_ClearIntFlag), (60 bytes).
    Removing uart.o(i.UART_Close), (6 bytes).
    Removing uart.o(i.UART_DisableFlowCtrl), (10 bytes).
    Removing uart.o(i.UART_DisableInt), (8 bytes).
    Removing uart.o(i.UART_EnableFlowCtrl), (26 bytes).
    Removing uart.o(i.UART_EnableInt), (8 bytes).
    Removing uart.o(i.UART_Read), (46 bytes).
    Removing uart.o(i.UART_SelectIrDAMode), (276 bytes).
    Removing uart.o(i.UART_SelectLINMode), (22 bytes).
    Removing uart.o(i.UART_SelectRS485Mode), (32 bytes).
    Removing uart.o(i.UART_SetLineConfig), (276 bytes).
    Removing uart.o(i.UART_SetTimeoutCnt), (20 bytes).
    Removing uart.o(i.UART_Write), (46 bytes).
    Removing usbd.o(.rev16_text), (4 bytes).
    Removing usbd.o(.revsh_text), (4 bytes).
    Removing usbd.o(.rrx_text), (6 bytes).
    Removing usbd.o(i.USBD_CtrlIn), (140 bytes).
    Removing usbd.o(i.USBD_CtrlOut), (96 bytes).
    Removing usbd.o(i.USBD_GetDescriptor), (228 bytes).
    Removing usbd.o(i.USBD_GetSetupPacket), (12 bytes).
    Removing usbd.o(i.USBD_LockEpStall), (12 bytes).
    Removing usbd.o(i.USBD_MemCopy), (26 bytes).
    Removing usbd.o(i.USBD_Open), (44 bytes).
    Removing usbd.o(i.USBD_PrepareCtrlIn), (112 bytes).
    Removing usbd.o(i.USBD_PrepareCtrlOut), (28 bytes).
    Removing usbd.o(i.USBD_ProcessSetupPacket), (100 bytes).
    Removing usbd.o(i.USBD_SetConfigCallback), (12 bytes).
    Removing usbd.o(i.USBD_SetVendorRequest), (12 bytes).
    Removing usbd.o(i.USBD_StandardRequest), (544 bytes).
    Removing usbd.o(i.USBD_Start), (40 bytes).
    Removing usbd.o(i.USBD_SwReset), (60 bytes).
    Removing usbd.o(.data), (76 bytes).
    Removing usci_i2c.o(.rev16_text), (4 bytes).
    Removing usci_i2c.o(.revsh_text), (4 bytes).
    Removing usci_i2c.o(.rrx_text), (6 bytes).
    Removing usci_i2c.o(i.UI2C_ClearIntFlag), (70 bytes).
    Removing usci_i2c.o(i.UI2C_ClearTimeoutFlag), (6 bytes).
    Removing usci_i2c.o(i.UI2C_Close), (10 bytes).
    Removing usci_i2c.o(i.UI2C_DisableInt), (86 bytes).
    Removing usci_i2c.o(i.UI2C_DisableTimeout), (24 bytes).
    Removing usci_i2c.o(i.UI2C_DisableWakeup), (10 bytes).
    Removing usci_i2c.o(i.UI2C_EnableInt), (86 bytes).
    Removing usci_i2c.o(i.UI2C_EnableTimeout), (32 bytes).
    Removing usci_i2c.o(i.UI2C_EnableWakeup), (16 bytes).
    Removing usci_i2c.o(i.UI2C_GetBusClockFreq), (40 bytes).
    Removing usci_i2c.o(i.UI2C_GetData), (4 bytes).
    Removing usci_i2c.o(i.UI2C_GetIntFlag), (120 bytes).
    Removing usci_i2c.o(i.UI2C_Open), (120 bytes).
    Removing usci_i2c.o(i.UI2C_ReadByte), (162 bytes).
    Removing usci_i2c.o(i.UI2C_ReadByteOneReg), (208 bytes).
    Removing usci_i2c.o(i.UI2C_ReadByteTwoRegs), (222 bytes).
    Removing usci_i2c.o(i.UI2C_ReadMultiBytes), (174 bytes).
    Removing usci_i2c.o(i.UI2C_ReadMultiBytesOneReg), (222 bytes).
    Removing usci_i2c.o(i.UI2C_ReadMultiBytesTwoRegs), (234 bytes).
    Removing usci_i2c.o(i.UI2C_SetBusClockFreq), (76 bytes).
    Removing usci_i2c.o(i.UI2C_SetData), (4 bytes).
    Removing usci_i2c.o(i.UI2C_SetSlaveAddr), (20 bytes).
    Removing usci_i2c.o(i.UI2C_SetSlaveAddrMask), (10 bytes).
    Removing usci_i2c.o(i.UI2C_Trigger), (40 bytes).
    Removing usci_i2c.o(i.UI2C_WriteByte), (146 bytes).
    Removing usci_i2c.o(i.UI2C_WriteByteOneReg), (160 bytes).
    Removing usci_i2c.o(i.UI2C_WriteByteTwoRegs), (174 bytes).
    Removing usci_i2c.o(i.UI2C_WriteMultiBytes), (140 bytes).
    Removing usci_i2c.o(i.UI2C_WriteMultiBytesOneReg), (164 bytes).
    Removing usci_i2c.o(i.UI2C_WriteMultiBytesTwoRegs), (186 bytes).
    Removing usci_spi.o(.rev16_text), (4 bytes).
    Removing usci_spi.o(.revsh_text), (4 bytes).
    Removing usci_spi.o(.rrx_text), (6 bytes).
    Removing usci_spi.o(i.USPI_ClearIntFlag), (88 bytes).
    Removing usci_spi.o(i.USPI_ClearRxBuf), (10 bytes).
    Removing usci_spi.o(i.USPI_ClearTxBuf), (10 bytes).
    Removing usci_spi.o(i.USPI_Close), (10 bytes).
    Removing usci_spi.o(i.USPI_DisableAutoSS), (10 bytes).
    Removing usci_spi.o(i.USPI_DisableInt), (122 bytes).
    Removing usci_spi.o(i.USPI_DisableWakeup), (10 bytes).
    Removing usci_spi.o(i.USPI_EnableAutoSS), (20 bytes).
    Removing usci_spi.o(i.USPI_EnableInt), (122 bytes).
    Removing usci_spi.o(i.USPI_EnableWakeup), (10 bytes).
    Removing usci_spi.o(i.USPI_GetBusClock), (40 bytes).
    Removing usci_spi.o(i.USPI_GetIntFlag), (192 bytes).
    Removing usci_spi.o(i.USPI_GetStatus), (116 bytes).
    Removing usci_spi.o(i.USPI_Open), (192 bytes).
    Removing usci_spi.o(i.USPI_SetBusClock), (76 bytes).
    Removing usci_uart.o(.rev16_text), (4 bytes).
    Removing usci_uart.o(.revsh_text), (4 bytes).
    Removing usci_uart.o(.rrx_text), (6 bytes).
    Removing usci_uart.o(i.UUART_ClearIntFlag), (60 bytes).
    Removing usci_uart.o(i.UUART_Close), (6 bytes).
    Removing usci_uart.o(i.UUART_DisableFlowCtrl), (10 bytes).
    Removing usci_uart.o(i.UUART_DisableInt), (86 bytes).
    Removing usci_uart.o(i.UUART_DisableWakeup), (18 bytes).
    Removing usci_uart.o(i.UUART_EnableFlowCtrl), (26 bytes).
    Removing usci_uart.o(i.UUART_EnableInt), (86 bytes).
    Removing usci_uart.o(i.UUART_EnableWakeup), (16 bytes).
    Removing usci_uart.o(i.UUART_GetIntFlag), (134 bytes).
    Removing usci_uart.o(i.UUART_Open), (236 bytes).
    Removing usci_uart.o(i.UUART_Read), (44 bytes).
    Removing usci_uart.o(i.UUART_SetLine_Config), (284 bytes).
    Removing usci_uart.o(i.UUART_Write), (44 bytes).
    Removing wdt.o(.rev16_text), (4 bytes).
    Removing wdt.o(.revsh_text), (4 bytes).
    Removing wdt.o(.rrx_text), (6 bytes).
    Removing wdt.o(i.WDT_Open), (28 bytes).
    Removing wwdt.o(.rev16_text), (4 bytes).
    Removing wwdt.o(.revsh_text), (4 bytes).
    Removing wwdt.o(.rrx_text), (6 bytes).
    Removing wwdt.o(i.WWDT_Open), (32 bytes).
    Removing dmul.o(.text), (228 bytes).
    Removing ddiv.o(.text), (222 bytes).
    Removing dfltui.o(.text), (26 bytes).
    Removing dfixui.o(.text), (50 bytes).
    Removing depilogue.o(.text), (186 bytes).
    Removing dadd.o(.text), (334 bytes).
    Removing dfixul.o(.text), (48 bytes).
    Removing cdrcmple.o(.text), (48 bytes).

790 unused section(s) (total 79398 bytes) removed from the image.

==============================================================================

Image Symbol Table

    Local Symbols

    Symbol Name                              Value     Ov Type        Size  Object(Section)

    RESET                                    0x00000000   Section      500  startup_m480.o(RESET)
    ../clib/microlib/division.c              0x00000000   Number         0  uidiv.o ABSOLUTE
    ../clib/microlib/division.c              0x00000000   Number         0  uldiv.o ABSOLUTE
    ../clib/microlib/init/entry.s            0x00000000   Number         0  entry9a.o ABSOLUTE
    ../clib/microlib/init/entry.s            0x00000000   Number         0  entry8b.o ABSOLUTE
    ../clib/microlib/init/entry.s            0x00000000   Number         0  entry8a.o ABSOLUTE
    ../clib/microlib/init/entry.s            0x00000000   Number         0  entry7b.o ABSOLUTE
    ../clib/microlib/init/entry.s            0x00000000   Number         0  entry7a.o ABSOLUTE
    ../clib/microlib/init/entry.s            0x00000000   Number         0  entry2.o ABSOLUTE
    ../clib/microlib/init/entry.s            0x00000000   Number         0  entry.o ABSOLUTE
    ../clib/microlib/init/entry.s            0x00000000   Number         0  entry9b.o ABSOLUTE
    ../clib/microlib/init/entry.s            0x00000000   Number         0  entry5.o ABSOLUTE
    ../clib/microlib/init/entry.s            0x00000000   Number         0  entry12b.o ABSOLUTE
    ../clib/microlib/init/entry.s            0x00000000   Number         0  entry12a.o ABSOLUTE
    ../clib/microlib/init/entry.s            0x00000000   Number         0  entry11b.o ABSOLUTE
    ../clib/microlib/init/entry.s            0x00000000   Number         0  entry11a.o ABSOLUTE
    ../clib/microlib/init/entry.s            0x00000000   Number         0  entry10b.o ABSOLUTE
    ../clib/microlib/init/entry.s            0x00000000   Number         0  entry10a.o ABSOLUTE
    ../clib/microlib/longlong.c              0x00000000   Number         0  llsshr.o ABSOLUTE
    ../clib/microlib/longlong.c              0x00000000   Number         0  llshl.o ABSOLUTE
    ../clib/microlib/longlong.c              0x00000000   Number         0  llushr.o ABSOLUTE
    ../clib/microlib/printf/printf.c         0x00000000   Number         0  printfb.o ABSOLUTE
    ../clib/microlib/printf/printf.c         0x00000000   Number         0  printf0.o ABSOLUTE
    ../clib/microlib/printf/printf.c         0x00000000   Number         0  printf8.o ABSOLUTE
    ../clib/microlib/printf/printf.c         0x00000000   Number         0  printfa.o ABSOLUTE
    ../clib/microlib/printf/printf.c         0x00000000   Number         0  printf1.o ABSOLUTE
    ../clib/microlib/printf/printf.c         0x00000000   Number         0  printf3.o ABSOLUTE
    ../clib/microlib/printf/printf.c         0x00000000   Number         0  printf4.o ABSOLUTE
    ../clib/microlib/printf/printf.c         0x00000000   Number         0  printf5.o ABSOLUTE
    ../clib/microlib/printf/printf.c         0x00000000   Number         0  printf6.o ABSOLUTE
    ../clib/microlib/printf/printf.c         0x00000000   Number         0  printf7.o ABSOLUTE
    ../clib/microlib/printf/printf.c         0x00000000   Number         0  printf2.o ABSOLUTE
    ../clib/microlib/printf/stubs.s          0x00000000   Number         0  stubs.o ABSOLUTE
    ../clib/microlib/string/memcmp.c         0x00000000   Number         0  memcmp.o ABSOLUTE
    ../clib/microlib/string/memcpy.c         0x00000000   Number         0  memcpya.o ABSOLUTE
    ../clib/microlib/string/memcpy.c         0x00000000   Number         0  memcpyb.o ABSOLUTE
    ../clib/microlib/string/memset.c         0x00000000   Number         0  memseta.o ABSOLUTE
    ../clib/microlib/string/strlen.c         0x00000000   Number         0  strlen.o ABSOLUTE
    ../clib/microlib/stubs.s                 0x00000000   Number         0  iusefp.o ABSOLUTE
    ../fplib/microlib/fpadd.c                0x00000000   Number         0  dadd.o ABSOLUTE
    ../fplib/microlib/fpdiv.c                0x00000000   Number         0  ddiv.o ABSOLUTE
    ../fplib/microlib/fpepilogue.c           0x00000000   Number         0  depilogue.o ABSOLUTE
    ../fplib/microlib/fpfix.c                0x00000000   Number         0  dfixul.o ABSOLUTE
    ../fplib/microlib/fpfix.c                0x00000000   Number         0  dfixui.o ABSOLUTE
    ../fplib/microlib/fpflt.c                0x00000000   Number         0  dfltui.o ABSOLUTE
    ../fplib/microlib/fpmul.c                0x00000000   Number         0  dmul.o ABSOLUTE
    ..\..\DI\M480_BSP_CMSIS_V3.05.001\Library\Device\Nuvoton\M480\Source\ARM\startup_M480.s 0x00000000   Number         0  startup_m480.o ABSOLUTE
    ..\..\DI\M480_BSP_CMSIS_V3.05.001\Library\Device\Nuvoton\M480\Source\system_M480.c 0x00000000   Number         0  system_m480.o ABSOLUTE
    ..\..\DI\M480_BSP_CMSIS_V3.05.001\Library\StdDriver\src\acmp.c 0x00000000   Number         0  acmp.o ABSOLUTE
    ..\..\DI\M480_BSP_CMSIS_V3.05.001\Library\StdDriver\src\bpwm.c 0x00000000   Number         0  bpwm.o ABSOLUTE
    ..\..\DI\M480_BSP_CMSIS_V3.05.001\Library\StdDriver\src\can.c 0x00000000   Number         0  can.o ABSOLUTE
    ..\..\DI\M480_BSP_CMSIS_V3.05.001\Library\StdDriver\src\ccap.c 0x00000000   Number         0  ccap.o ABSOLUTE
    ..\..\DI\M480_BSP_CMSIS_V3.05.001\Library\StdDriver\src\clk.c 0x00000000   Number         0  clk.o ABSOLUTE
    ..\..\DI\M480_BSP_CMSIS_V3.05.001\Library\StdDriver\src\crc.c 0x00000000   Number         0  crc.o ABSOLUTE
    ..\..\DI\M480_BSP_CMSIS_V3.05.001\Library\StdDriver\src\crypto.c 0x00000000   Number         0  crypto.o ABSOLUTE
    ..\..\DI\M480_BSP_CMSIS_V3.05.001\Library\StdDriver\src\dac.c 0x00000000   Number         0  dac.o ABSOLUTE
    ..\..\DI\M480_BSP_CMSIS_V3.05.001\Library\StdDriver\src\eadc.c 0x00000000   Number         0  eadc.o ABSOLUTE
    ..\..\DI\M480_BSP_CMSIS_V3.05.001\Library\StdDriver\src\ebi.c 0x00000000   Number         0  ebi.o ABSOLUTE
    ..\..\DI\M480_BSP_CMSIS_V3.05.001\Library\StdDriver\src\ecap.c 0x00000000   Number         0  ecap.o ABSOLUTE
    ..\..\DI\M480_BSP_CMSIS_V3.05.001\Library\StdDriver\src\emac.c 0x00000000   Number         0  emac.o ABSOLUTE
    ..\..\DI\M480_BSP_CMSIS_V3.05.001\Library\StdDriver\src\epwm.c 0x00000000   Number         0  epwm.o ABSOLUTE
    ..\..\DI\M480_BSP_CMSIS_V3.05.001\Library\StdDriver\src\fmc.c 0x00000000   Number         0  fmc.o ABSOLUTE
    ..\..\DI\M480_BSP_CMSIS_V3.05.001\Library\StdDriver\src\gpio.c 0x00000000   Number         0  gpio.o ABSOLUTE
    ..\..\DI\M480_BSP_CMSIS_V3.05.001\Library\StdDriver\src\hsusbd.c 0x00000000   Number         0  hsusbd.o ABSOLUTE
    ..\..\DI\M480_BSP_CMSIS_V3.05.001\Library\StdDriver\src\i2c.c 0x00000000   Number         0  i2c.o ABSOLUTE
    ..\..\DI\M480_BSP_CMSIS_V3.05.001\Library\StdDriver\src\i2s.c 0x00000000   Number         0  i2s.o ABSOLUTE
    ..\..\DI\M480_BSP_CMSIS_V3.05.001\Library\StdDriver\src\pdma.c 0x00000000   Number         0  pdma.o ABSOLUTE
    ..\..\DI\M480_BSP_CMSIS_V3.05.001\Library\StdDriver\src\qei.c 0x00000000   Number         0  qei.o ABSOLUTE
    ..\..\DI\M480_BSP_CMSIS_V3.05.001\Library\StdDriver\src\qspi.c 0x00000000   Number         0  qspi.o ABSOLUTE
    ..\..\DI\M480_BSP_CMSIS_V3.05.001\Library\StdDriver\src\retarget.c 0x00000000   Number         0  retarget.o ABSOLUTE
    ..\..\DI\M480_BSP_CMSIS_V3.05.001\Library\StdDriver\src\rtc.c 0x00000000   Number         0  rtc.o ABSOLUTE
    ..\..\DI\M480_BSP_CMSIS_V3.05.001\Library\StdDriver\src\sc.c 0x00000000   Number         0  sc.o ABSOLUTE
    ..\..\DI\M480_BSP_CMSIS_V3.05.001\Library\StdDriver\src\scuart.c 0x00000000   Number         0  scuart.o ABSOLUTE
    ..\..\DI\M480_BSP_CMSIS_V3.05.001\Library\StdDriver\src\sdh.c 0x00000000   Number         0  sdh.o ABSOLUTE
    ..\..\DI\M480_BSP_CMSIS_V3.05.001\Library\StdDriver\src\spi.c 0x00000000   Number         0  spi.o ABSOLUTE
    ..\..\DI\M480_BSP_CMSIS_V3.05.001\Library\StdDriver\src\spim.c 0x00000000   Number         0  spim.o ABSOLUTE
    ..\..\DI\M480_BSP_CMSIS_V3.05.001\Library\StdDriver\src\sys.c 0x00000000   Number         0  sys.o ABSOLUTE
    ..\..\DI\M480_BSP_CMSIS_V3.05.001\Library\StdDriver\src\timer.c 0x00000000   Number         0  timer.o ABSOLUTE
    ..\..\DI\M480_BSP_CMSIS_V3.05.001\Library\StdDriver\src\timer_pwm.c 0x00000000   Number         0  timer_pwm.o ABSOLUTE
    ..\..\DI\M480_BSP_CMSIS_V3.05.001\Library\StdDriver\src\trng.c 0x00000000   Number         0  trng.o ABSOLUTE
    ..\..\DI\M480_BSP_CMSIS_V3.05.001\Library\StdDriver\src\uart.c 0x00000000   Number         0  uart.o ABSOLUTE
    ..\..\DI\M480_BSP_CMSIS_V3.05.001\Library\StdDriver\src\usbd.c 0x00000000   Number         0  usbd.o ABSOLUTE
    ..\..\DI\M480_BSP_CMSIS_V3.05.001\Library\StdDriver\src\usci_i2c.c 0x00000000   Number         0  usci_i2c.o ABSOLUTE
    ..\..\DI\M480_BSP_CMSIS_V3.05.001\Library\StdDriver\src\usci_spi.c 0x00000000   Number         0  usci_spi.o ABSOLUTE
    ..\..\DI\M480_BSP_CMSIS_V3.05.001\Library\StdDriver\src\usci_uart.c 0x00000000   Number         0  usci_uart.o ABSOLUTE
    ..\..\DI\M480_BSP_CMSIS_V3.05.001\Library\StdDriver\src\wdt.c 0x00000000   Number         0  wdt.o ABSOLUTE
    ..\..\DI\M480_BSP_CMSIS_V3.05.001\Library\StdDriver\src\wwdt.c 0x00000000   Number         0  wwdt.o ABSOLUTE
    ..\\..\\DI\\M480_BSP_CMSIS_V3.05.001\\Library\\Device\\Nuvoton\\M480\\Source\\system_M480.c 0x00000000   Number         0  system_m480.o ABSOLUTE
    ..\\..\\DI\\M480_BSP_CMSIS_V3.05.001\\Library\\StdDriver\\src\\acmp.c 0x00000000   Number         0  acmp.o ABSOLUTE
    ..\\..\\DI\\M480_BSP_CMSIS_V3.05.001\\Library\\StdDriver\\src\\bpwm.c 0x00000000   Number         0  bpwm.o ABSOLUTE
    ..\\..\\DI\\M480_BSP_CMSIS_V3.05.001\\Library\\StdDriver\\src\\can.c 0x00000000   Number         0  can.o ABSOLUTE
    ..\\..\\DI\\M480_BSP_CMSIS_V3.05.001\\Library\\StdDriver\\src\\ccap.c 0x00000000   Number         0  ccap.o ABSOLUTE
    ..\\..\\DI\\M480_BSP_CMSIS_V3.05.001\\Library\\StdDriver\\src\\clk.c 0x00000000   Number         0  clk.o ABSOLUTE
    ..\\..\\DI\\M480_BSP_CMSIS_V3.05.001\\Library\\StdDriver\\src\\crc.c 0x00000000   Number         0  crc.o ABSOLUTE
    ..\\..\\DI\\M480_BSP_CMSIS_V3.05.001\\Library\\StdDriver\\src\\crypto.c 0x00000000   Number         0  crypto.o ABSOLUTE
    ..\\..\\DI\\M480_BSP_CMSIS_V3.05.001\\Library\\StdDriver\\src\\dac.c 0x00000000   Number         0  dac.o ABSOLUTE
    ..\\..\\DI\\M480_BSP_CMSIS_V3.05.001\\Library\\StdDriver\\src\\eadc.c 0x00000000   Number         0  eadc.o ABSOLUTE
    ..\\..\\DI\\M480_BSP_CMSIS_V3.05.001\\Library\\StdDriver\\src\\ebi.c 0x00000000   Number         0  ebi.o ABSOLUTE
    ..\\..\\DI\\M480_BSP_CMSIS_V3.05.001\\Library\\StdDriver\\src\\ecap.c 0x00000000   Number         0  ecap.o ABSOLUTE
    ..\\..\\DI\\M480_BSP_CMSIS_V3.05.001\\Library\\StdDriver\\src\\emac.c 0x00000000   Number         0  emac.o ABSOLUTE
    ..\\..\\DI\\M480_BSP_CMSIS_V3.05.001\\Library\\StdDriver\\src\\epwm.c 0x00000000   Number         0  epwm.o ABSOLUTE
    ..\\..\\DI\\M480_BSP_CMSIS_V3.05.001\\Library\\StdDriver\\src\\fmc.c 0x00000000   Number         0  fmc.o ABSOLUTE
    ..\\..\\DI\\M480_BSP_CMSIS_V3.05.001\\Library\\StdDriver\\src\\gpio.c 0x00000000   Number         0  gpio.o ABSOLUTE
    ..\\..\\DI\\M480_BSP_CMSIS_V3.05.001\\Library\\StdDriver\\src\\hsusbd.c 0x00000000   Number         0  hsusbd.o ABSOLUTE
    ..\\..\\DI\\M480_BSP_CMSIS_V3.05.001\\Library\\StdDriver\\src\\i2c.c 0x00000000   Number         0  i2c.o ABSOLUTE
    ..\\..\\DI\\M480_BSP_CMSIS_V3.05.001\\Library\\StdDriver\\src\\i2s.c 0x00000000   Number         0  i2s.o ABSOLUTE
    ..\\..\\DI\\M480_BSP_CMSIS_V3.05.001\\Library\\StdDriver\\src\\pdma.c 0x00000000   Number         0  pdma.o ABSOLUTE
    ..\\..\\DI\\M480_BSP_CMSIS_V3.05.001\\Library\\StdDriver\\src\\qei.c 0x00000000   Number         0  qei.o ABSOLUTE
    ..\\..\\DI\\M480_BSP_CMSIS_V3.05.001\\Library\\StdDriver\\src\\qspi.c 0x00000000   Number         0  qspi.o ABSOLUTE
    ..\\..\\DI\\M480_BSP_CMSIS_V3.05.001\\Library\\StdDriver\\src\\retarget.c 0x00000000   Number         0  retarget.o ABSOLUTE
    ..\\..\\DI\\M480_BSP_CMSIS_V3.05.001\\Library\\StdDriver\\src\\rtc.c 0x00000000   Number         0  rtc.o ABSOLUTE
    ..\\..\\DI\\M480_BSP_CMSIS_V3.05.001\\Library\\StdDriver\\src\\sc.c 0x00000000   Number         0  sc.o ABSOLUTE
    ..\\..\\DI\\M480_BSP_CMSIS_V3.05.001\\Library\\StdDriver\\src\\scuart.c 0x00000000   Number         0  scuart.o ABSOLUTE
    ..\\..\\DI\\M480_BSP_CMSIS_V3.05.001\\Library\\StdDriver\\src\\sdh.c 0x00000000   Number         0  sdh.o ABSOLUTE
    ..\\..\\DI\\M480_BSP_CMSIS_V3.05.001\\Library\\StdDriver\\src\\spi.c 0x00000000   Number         0  spi.o ABSOLUTE
    ..\\..\\DI\\M480_BSP_CMSIS_V3.05.001\\Library\\StdDriver\\src\\spim.c 0x00000000   Number         0  spim.o ABSOLUTE
    ..\\..\\DI\\M480_BSP_CMSIS_V3.05.001\\Library\\StdDriver\\src\\sys.c 0x00000000   Number         0  sys.o ABSOLUTE
    ..\\..\\DI\\M480_BSP_CMSIS_V3.05.001\\Library\\StdDriver\\src\\timer.c 0x00000000   Number         0  timer.o ABSOLUTE
    ..\\..\\DI\\M480_BSP_CMSIS_V3.05.001\\Library\\StdDriver\\src\\timer_pwm.c 0x00000000   Number         0  timer_pwm.o ABSOLUTE
    ..\\..\\DI\\M480_BSP_CMSIS_V3.05.001\\Library\\StdDriver\\src\\trng.c 0x00000000   Number         0  trng.o ABSOLUTE
    ..\\..\\DI\\M480_BSP_CMSIS_V3.05.001\\Library\\StdDriver\\src\\uart.c 0x00000000   Number         0  uart.o ABSOLUTE
    ..\\..\\DI\\M480_BSP_CMSIS_V3.05.001\\Library\\StdDriver\\src\\usbd.c 0x00000000   Number         0  usbd.o ABSOLUTE
    ..\\..\\DI\\M480_BSP_CMSIS_V3.05.001\\Library\\StdDriver\\src\\usci_i2c.c 0x00000000   Number         0  usci_i2c.o ABSOLUTE
    ..\\..\\DI\\M480_BSP_CMSIS_V3.05.001\\Library\\StdDriver\\src\\usci_spi.c 0x00000000   Number         0  usci_spi.o ABSOLUTE
    ..\\..\\DI\\M480_BSP_CMSIS_V3.05.001\\Library\\StdDriver\\src\\usci_uart.c 0x00000000   Number         0  usci_uart.o ABSOLUTE
    ..\\..\\DI\\M480_BSP_CMSIS_V3.05.001\\Library\\StdDriver\\src\\wdt.c 0x00000000   Number         0  wdt.o ABSOLUTE
    ..\\..\\DI\\M480_BSP_CMSIS_V3.05.001\\Library\\StdDriver\\src\\wwdt.c 0x00000000   Number         0  wwdt.o ABSOLUTE
    ..\\main.c                               0x00000000   Number         0  main.o ABSOLUTE
    ..\main.c                                0x00000000   Number         0  main.o ABSOLUTE
    cdrcmple.s                               0x00000000   Number         0  cdrcmple.o ABSOLUTE
    handlers.s                               0x00000000   Number         0  handlers.o ABSOLUTE
    init.s                                   0x00000000   Number         0  init.o ABSOLUTE
    .ARM.Collect$$$$00000000                 0x000001f4   Section        0  entry.o(.ARM.Collect$$$$00000000)
    .ARM.Collect$$$$00000001                 0x000001f4   Section        4  entry2.o(.ARM.Collect$$$$00000001)
    .ARM.Collect$$$$00000004                 0x000001f8   Section        4  entry5.o(.ARM.Collect$$$$00000004)
    .ARM.Collect$$$$00000008                 0x000001fc   Section        0  entry7b.o(.ARM.Collect$$$$00000008)
    .ARM.Collect$$$$0000000A                 0x000001fc   Section        0  entry8b.o(.ARM.Collect$$$$0000000A)
    .ARM.Collect$$$$0000000B                 0x000001fc   Section        8  entry9a.o(.ARM.Collect$$$$0000000B)
    .ARM.Collect$$$$0000000E                 0x00000204   Section        4  entry12b.o(.ARM.Collect$$$$0000000E)
    .ARM.Collect$$$$0000000F                 0x00000208   Section        0  entry10a.o(.ARM.Collect$$$$0000000F)
    .ARM.Collect$$$$00000011                 0x00000208   Section        0  entry11a.o(.ARM.Collect$$$$00000011)
    .ARM.Collect$$$$00002712                 0x00000208   Section        4  entry2.o(.ARM.Collect$$$$00002712)
    __lit__00000000                          0x00000208   Data           4  entry2.o(.ARM.Collect$$$$00002712)
    .emb_text                                0x0000020c   Section       28  retarget.o(.emb_text)
    $v0                                      0x0000020c   Number         0  retarget.o(.emb_text)
    .text                                    0x00000228   Section      104  startup_m480.o(.text)
    $v0                                      0x00000228   Number         0  startup_m480.o(.text)
    Default_Handler                          0x0000027b   Thumb Code     2  startup_m480.o(.text)
    .text                                    0x00000290   Section        0  uldiv.o(.text)
    .text                                    0x000002f2   Section        0  memcpya.o(.text)
    .text                                    0x00000316   Section        0  llshl.o(.text)
    .text                                    0x00000334   Section        0  llushr.o(.text)
    .text                                    0x00000354   Section       36  init.o(.text)
    i.CLK_DisablePLL                         0x00000378   Section        0  clk.o(i.CLK_DisablePLL)
    i.CLK_EnableModuleClock                  0x0000038c   Section        0  clk.o(i.CLK_EnableModuleClock)
    i.CLK_EnablePLL                          0x000003a8   Section        0  clk.o(i.CLK_EnablePLL)
    i.CLK_EnableXtalRC                       0x000004fc   Section        0  clk.o(i.CLK_EnableXtalRC)
    i.CLK_GetPCLK0Freq                       0x0000050c   Section        0  clk.o(i.CLK_GetPCLK0Freq)
    i.CLK_GetPCLK1Freq                       0x00000570   Section        0  clk.o(i.CLK_GetPCLK1Freq)
    i.CLK_GetPLLClockFreq                    0x000005d8   Section        0  clk.o(i.CLK_GetPLLClockFreq)
    i.CLK_SetCoreClock                       0x00000628   Section        0  clk.o(i.CLK_SetCoreClock)
    i.CLK_SetHCLK                            0x000006ac   Section        0  clk.o(i.CLK_SetHCLK)
    i.CLK_SetModuleClock                     0x00000710   Section        0  clk.o(i.CLK_SetModuleClock)
    i.CLK_WaitClockReady                     0x000007a4   Section        0  clk.o(i.CLK_WaitClockReady)
    i.EPWM_ConfigOutputChannel               0x000007d0   Section        0  epwm.o(i.EPWM_ConfigOutputChannel)
    i.EPWM_DisableOutput                     0x00000894   Section        0  epwm.o(i.EPWM_DisableOutput)
    i.EPWM_EnableOutput                      0x0000089e   Section        0  epwm.o(i.EPWM_EnableOutput)
    i.EPWM_Start                             0x000008a8   Section        0  epwm.o(i.EPWM_Start)
    i.GPB_IRQHandler                         0x000008b0   Section        0  main.o(i.GPB_IRQHandler)
    i.GPC_IRQHandler                         0x000008fc   Section        0  main.o(i.GPC_IRQHandler)
    i.GPIO_SetMode                           0x00000950   Section        0  gpio.o(i.GPIO_SetMode)
    i.Hard_Fault_Handler                     0x0000097c   Section        0  retarget.o(i.Hard_Fault_Handler)
    __tagsym$$used                           0x0000097d   Number         0  retarget.o(i.Hard_Fault_Handler)
    i.SYS_Init                               0x000009a4   Section        0  main.o(i.SYS_Init)
    i.SendChar                               0x00000ab8   Section        0  retarget.o(i.SendChar)
    SendChar                                 0x00000ab9   Thumb Code    26  retarget.o(i.SendChar)
    i.SystemCoreClockUpdate                  0x00000ad8   Section        0  system_m480.o(i.SystemCoreClockUpdate)
    i.SystemInit                             0x00000b20   Section        0  system_m480.o(i.SystemInit)
    i.TIMER_GetModuleClock                   0x00000b98   Section        0  timer.o(i.TIMER_GetModuleClock)
    i.TIMER_Open                             0x00000c10   Section        0  timer.o(i.TIMER_Open)
    i.TMR0_IRQHandler                        0x00000c48   Section        0  main.o(i.TMR0_IRQHandler)
    i.UART0_Init                             0x00000c94   Section        0  main.o(i.UART0_Init)
    i.UART_Open                              0x00000ca4   Section        0  uart.o(i.UART_Open)
    i.__0printf$5                            0x00000dbc   Section        0  printf5.o(i.__0printf$5)
    i.__scatterload_copy                     0x00000ddc   Section       14  handlers.o(i.__scatterload_copy)
    i.__scatterload_null                     0x00000dea   Section        2  handlers.o(i.__scatterload_null)
    i.__scatterload_zeroinit                 0x00000dec   Section       14  handlers.o(i.__scatterload_zeroinit)
    i._printf_core                           0x00000dfc   Section        0  printf5.o(i._printf_core)
    _printf_core                             0x00000dfd   Thumb Code   660  printf5.o(i._printf_core)
    i.fputc                                  0x000010bc   Section        0  retarget.o(i.fputc)
    i.main                                   0x000010c8   Section        0  main.o(i.main)
    i.stackDump                              0x00001348   Section        0  retarget.o(i.stackDump)
    stackDump                                0x00001349   Thumb Code    72  retarget.o(i.stackDump)
    .constdata                               0x000013f0   Section       32  timer.o(.constdata)
    .constdata                               0x00001410   Section       48  uart.o(.constdata)
    .data                                    0x20000000   Section       44  system_m480.o(.data)
    .data                                    0x2000002c   Section       32  main.o(.data)
    .data                                    0x2000004c   Section        4  retarget.o(.data)
    STACK                                    0x20000050   Section     2048  startup_m480.o(STACK)

    Global Symbols

    Symbol Name                              Value     Ov Type        Size  Object(Section)

    BuildAttributes$$THM_ISAv4$E$P$D$K$B$S$7EM$VFPi3$EXTD16$VFPS$VFMA$PE$A:L22UL41UL21$X:L11$S22US41US21$IEEE1$IW$USESV6$~STKCKD$USESV7$~SHL$OSPACE$ROPI$EBA8$MICROLIB$REQ8$PRES8$EABIv2 0x00000000   Number         0  anon$$obj.o ABSOLUTE
    __ARM_use_no_argv                        0x00000000   Number         0  main.o ABSOLUTE
    __Vectors                                0x00000000   Data           4  startup_m480.o(RESET)
    _printf_a                                0x00000000   Number         0  stubs.o ABSOLUTE
    _printf_c                                0x00000000   Number         0  stubs.o ABSOLUTE
    _printf_charcount                        0x00000000   Number         0  stubs.o ABSOLUTE
    _printf_d                                0x00000000   Number         0  stubs.o ABSOLUTE
    _printf_e                                0x00000000   Number         0  stubs.o ABSOLUTE
    _printf_f                                0x00000000   Number         0  stubs.o ABSOLUTE
    _printf_flags                            0x00000000   Number         0  stubs.o ABSOLUTE
    _printf_fp_dec                           0x00000000   Number         0  stubs.o ABSOLUTE
    _printf_fp_hex                           0x00000000   Number         0  stubs.o ABSOLUTE
    _printf_g                                0x00000000   Number         0  stubs.o ABSOLUTE
    _printf_i                                0x00000000   Number         0  stubs.o ABSOLUTE
    _printf_int_dec                          0x00000000   Number         0  stubs.o ABSOLUTE
    _printf_l                                0x00000000   Number         0  stubs.o ABSOLUTE
    _printf_lc                               0x00000000   Number         0  stubs.o ABSOLUTE
    _printf_ll                               0x00000000   Number         0  stubs.o ABSOLUTE
    _printf_lld                              0x00000000   Number         0  stubs.o ABSOLUTE
    _printf_lli                              0x00000000   Number         0  stubs.o ABSOLUTE
    _printf_llo                              0x00000000   Number         0  stubs.o ABSOLUTE
    _printf_llu                              0x00000000   Number         0  stubs.o ABSOLUTE
    _printf_llx                              0x00000000   Number         0  stubs.o ABSOLUTE
    _printf_longlong_dec                     0x00000000   Number         0  stubs.o ABSOLUTE
    _printf_longlong_hex                     0x00000000   Number         0  stubs.o ABSOLUTE
    _printf_longlong_oct                     0x00000000   Number         0  stubs.o ABSOLUTE
    _printf_ls                               0x00000000   Number         0  stubs.o ABSOLUTE
    _printf_mbtowc                           0x00000000   Number         0  stubs.o ABSOLUTE
    _printf_n                                0x00000000   Number         0  stubs.o ABSOLUTE
    _printf_o                                0x00000000   Number         0  stubs.o ABSOLUTE
    _printf_p                                0x00000000   Number         0  stubs.o ABSOLUTE
    _printf_percent                          0x00000000   Number         0  stubs.o ABSOLUTE
    _printf_pre_padding                      0x00000000   Number         0  stubs.o ABSOLUTE
    _printf_return_value                     0x00000000   Number         0  stubs.o ABSOLUTE
    _printf_s                                0x00000000   Number         0  stubs.o ABSOLUTE
    _printf_sizespec                         0x00000000   Number         0  stubs.o ABSOLUTE
    _printf_str                              0x00000000   Number         0  stubs.o ABSOLUTE
    _printf_truncate_signed                  0x00000000   Number         0  stubs.o ABSOLUTE
    _printf_truncate_unsigned                0x00000000   Number         0  stubs.o ABSOLUTE
    _printf_u                                0x00000000   Number         0  stubs.o ABSOLUTE
    _printf_wc                               0x00000000   Number         0  stubs.o ABSOLUTE
    _printf_wctomb                           0x00000000   Number         0  stubs.o ABSOLUTE
    _printf_widthprec                        0x00000000   Number         0  stubs.o ABSOLUTE
    _printf_x                                0x00000000   Number         0  stubs.o ABSOLUTE
    __arm_fini_                               - Undefined Weak Reference
    __cpp_initialize__aeabi_                  - Undefined Weak Reference
    __cxa_finalize                            - Undefined Weak Reference
    __decompress                              - Undefined Weak Reference
    _clock_init                               - Undefined Weak Reference
    _microlib_exit                            - Undefined Weak Reference
    __Vectors_End                            0x000001f4   Data           0  startup_m480.o(RESET)
    __Vectors_Size                           0x000001f4   Number         0  startup_m480.o ABSOLUTE
    __main                                   0x000001f5   Thumb Code     0  entry.o(.ARM.Collect$$$$00000000)
    _main_stk                                0x000001f5   Thumb Code     0  entry2.o(.ARM.Collect$$$$00000001)
    _main_scatterload                        0x000001f9   Thumb Code     0  entry5.o(.ARM.Collect$$$$00000004)
    __main_after_scatterload                 0x000001fd   Thumb Code     0  entry5.o(.ARM.Collect$$$$00000004)
    _main_clock                              0x000001fd   Thumb Code     0  entry7b.o(.ARM.Collect$$$$00000008)
    _main_cpp_init                           0x000001fd   Thumb Code     0  entry8b.o(.ARM.Collect$$$$0000000A)
    _main_init                               0x000001fd   Thumb Code     0  entry9a.o(.ARM.Collect$$$$0000000B)
    __rt_lib_shutdown_fini                   0x00000205   Thumb Code     0  entry12b.o(.ARM.Collect$$$$0000000E)
    __rt_final_cpp                           0x00000209   Thumb Code     0  entry10a.o(.ARM.Collect$$$$0000000F)
    __rt_final_exit                          0x00000209   Thumb Code     0  entry11a.o(.ARM.Collect$$$$00000011)
    HardFault_Handler                        0x0000020d   Thumb Code    24  retarget.o(.emb_text)
    Reset_Handler                            0x00000229   Thumb Code    64  startup_m480.o(.text)
    NMI_Handler                              0x00000269   Thumb Code     2  startup_m480.o(.text)
    MemManage_Handler                        0x0000026d   Thumb Code     2  startup_m480.o(.text)
    BusFault_Handler                         0x0000026f   Thumb Code     2  startup_m480.o(.text)
    UsageFault_Handler                       0x00000271   Thumb Code     2  startup_m480.o(.text)
    SVC_Handler                              0x00000273   Thumb Code     2  startup_m480.o(.text)
    DebugMon_Handler                         0x00000275   Thumb Code     2  startup_m480.o(.text)
    PendSV_Handler                           0x00000277   Thumb Code     2  startup_m480.o(.text)
    SysTick_Handler                          0x00000279   Thumb Code     2  startup_m480.o(.text)
    ACMP01_IRQHandler                        0x0000027b   Thumb Code     0  startup_m480.o(.text)
    BOD_IRQHandler                           0x0000027b   Thumb Code     0  startup_m480.o(.text)
    BPWM0_IRQHandler                         0x0000027b   Thumb Code     0  startup_m480.o(.text)
    BPWM1_IRQHandler                         0x0000027b   Thumb Code     0  startup_m480.o(.text)
    BRAKE0_IRQHandler                        0x0000027b   Thumb Code     0  startup_m480.o(.text)
    BRAKE1_IRQHandler                        0x0000027b   Thumb Code     0  startup_m480.o(.text)
    CAN0_IRQHandler                          0x0000027b   Thumb Code     0  startup_m480.o(.text)
    CAN1_IRQHandler                          0x0000027b   Thumb Code     0  startup_m480.o(.text)
    CAN2_IRQHandler                          0x0000027b   Thumb Code     0  startup_m480.o(.text)
    CCAP_IRQHandler                          0x0000027b   Thumb Code     0  startup_m480.o(.text)
    CKFAIL_IRQHandler                        0x0000027b   Thumb Code     0  startup_m480.o(.text)
    CRYPTO_IRQHandler                        0x0000027b   Thumb Code     0  startup_m480.o(.text)
    DAC_IRQHandler                           0x0000027b   Thumb Code     0  startup_m480.o(.text)
    EADC00_IRQHandler                        0x0000027b   Thumb Code     0  startup_m480.o(.text)
    EADC01_IRQHandler                        0x0000027b   Thumb Code     0  startup_m480.o(.text)
    EADC02_IRQHandler                        0x0000027b   Thumb Code     0  startup_m480.o(.text)
    EADC03_IRQHandler                        0x0000027b   Thumb Code     0  startup_m480.o(.text)
    EADC10_IRQHandler                        0x0000027b   Thumb Code     0  startup_m480.o(.text)
    EADC11_IRQHandler                        0x0000027b   Thumb Code     0  startup_m480.o(.text)
    EADC12_IRQHandler                        0x0000027b   Thumb Code     0  startup_m480.o(.text)
    EADC13_IRQHandler                        0x0000027b   Thumb Code     0  startup_m480.o(.text)
    ECAP0_IRQHandler                         0x0000027b   Thumb Code     0  startup_m480.o(.text)
    ECAP1_IRQHandler                         0x0000027b   Thumb Code     0  startup_m480.o(.text)
    EHCI_IRQHandler                          0x0000027b   Thumb Code     0  startup_m480.o(.text)
    EINT0_IRQHandler                         0x0000027b   Thumb Code     0  startup_m480.o(.text)
    EINT1_IRQHandler                         0x0000027b   Thumb Code     0  startup_m480.o(.text)
    EINT2_IRQHandler                         0x0000027b   Thumb Code     0  startup_m480.o(.text)
    EINT3_IRQHandler                         0x0000027b   Thumb Code     0  startup_m480.o(.text)
    EINT4_IRQHandler                         0x0000027b   Thumb Code     0  startup_m480.o(.text)
    EINT5_IRQHandler                         0x0000027b   Thumb Code     0  startup_m480.o(.text)
    EINT6_IRQHandler                         0x0000027b   Thumb Code     0  startup_m480.o(.text)
    EINT7_IRQHandler                         0x0000027b   Thumb Code     0  startup_m480.o(.text)
    EMAC_RX_IRQHandler                       0x0000027b   Thumb Code     0  startup_m480.o(.text)
    EMAC_TX_IRQHandler                       0x0000027b   Thumb Code     0  startup_m480.o(.text)
    EPWM0P0_IRQHandler                       0x0000027b   Thumb Code     0  startup_m480.o(.text)
    EPWM0P1_IRQHandler                       0x0000027b   Thumb Code     0  startup_m480.o(.text)
    EPWM0P2_IRQHandler                       0x0000027b   Thumb Code     0  startup_m480.o(.text)
    EPWM1P0_IRQHandler                       0x0000027b   Thumb Code     0  startup_m480.o(.text)
    EPWM1P1_IRQHandler                       0x0000027b   Thumb Code     0  startup_m480.o(.text)
    EPWM1P2_IRQHandler                       0x0000027b   Thumb Code     0  startup_m480.o(.text)
    GPA_IRQHandler                           0x0000027b   Thumb Code     0  startup_m480.o(.text)
    GPD_IRQHandler                           0x0000027b   Thumb Code     0  startup_m480.o(.text)
    GPE_IRQHandler                           0x0000027b   Thumb Code     0  startup_m480.o(.text)
    GPF_IRQHandler                           0x0000027b   Thumb Code     0  startup_m480.o(.text)
    GPG_IRQHandler                           0x0000027b   Thumb Code     0  startup_m480.o(.text)
    GPH_IRQHandler                           0x0000027b   Thumb Code     0  startup_m480.o(.text)
    I2C0_IRQHandler                          0x0000027b   Thumb Code     0  startup_m480.o(.text)
    I2C1_IRQHandler                          0x0000027b   Thumb Code     0  startup_m480.o(.text)
    I2C2_IRQHandler                          0x0000027b   Thumb Code     0  startup_m480.o(.text)
    I2S0_IRQHandler                          0x0000027b   Thumb Code     0  startup_m480.o(.text)
    IRC_IRQHandler                           0x0000027b   Thumb Code     0  startup_m480.o(.text)
    OHCI_IRQHandler                          0x0000027b   Thumb Code     0  startup_m480.o(.text)
    OPA0_IRQHandler                          0x0000027b   Thumb Code     0  startup_m480.o(.text)
    PDMA_IRQHandler                          0x0000027b   Thumb Code     0  startup_m480.o(.text)
    PWRWU_IRQHandler                         0x0000027b   Thumb Code     0  startup_m480.o(.text)
    QEI0_IRQHandler                          0x0000027b   Thumb Code     0  startup_m480.o(.text)
    QEI1_IRQHandler                          0x0000027b   Thumb Code     0  startup_m480.o(.text)
    QSPI0_IRQHandler                         0x0000027b   Thumb Code     0  startup_m480.o(.text)
    QSPI1_IRQHandler                         0x0000027b   Thumb Code     0  startup_m480.o(.text)
    RAMPE_IRQHandler                         0x0000027b   Thumb Code     0  startup_m480.o(.text)
    RTC_IRQHandler                           0x0000027b   Thumb Code     0  startup_m480.o(.text)
    SC0_IRQHandler                           0x0000027b   Thumb Code     0  startup_m480.o(.text)
    SC1_IRQHandler                           0x0000027b   Thumb Code     0  startup_m480.o(.text)
    SC2_IRQHandler                           0x0000027b   Thumb Code     0  startup_m480.o(.text)
    SDH0_IRQHandler                          0x0000027b   Thumb Code     0  startup_m480.o(.text)
    SDH1_IRQHandler                          0x0000027b   Thumb Code     0  startup_m480.o(.text)
    SPI0_IRQHandler                          0x0000027b   Thumb Code     0  startup_m480.o(.text)
    SPI1_IRQHandler                          0x0000027b   Thumb Code     0  startup_m480.o(.text)
    SPI2_IRQHandler                          0x0000027b   Thumb Code     0  startup_m480.o(.text)
    SPI3_IRQHandler                          0x0000027b   Thumb Code     0  startup_m480.o(.text)
    SPIM_IRQHandler                          0x0000027b   Thumb Code     0  startup_m480.o(.text)
    TAMPER_IRQHandler                        0x0000027b   Thumb Code     0  startup_m480.o(.text)
    TMR1_IRQHandler                          0x0000027b   Thumb Code     0  startup_m480.o(.text)
    TMR2_IRQHandler                          0x0000027b   Thumb Code     0  startup_m480.o(.text)
    TMR3_IRQHandler                          0x0000027b   Thumb Code     0  startup_m480.o(.text)
    TRNG_IRQHandler                          0x0000027b   Thumb Code     0  startup_m480.o(.text)
    UART0_IRQHandler                         0x0000027b   Thumb Code     0  startup_m480.o(.text)
    UART1_IRQHandler                         0x0000027b   Thumb Code     0  startup_m480.o(.text)
    UART2_IRQHandler                         0x0000027b   Thumb Code     0  startup_m480.o(.text)
    UART3_IRQHandler                         0x0000027b   Thumb Code     0  startup_m480.o(.text)
    UART4_IRQHandler                         0x0000027b   Thumb Code     0  startup_m480.o(.text)
    UART5_IRQHandler                         0x0000027b   Thumb Code     0  startup_m480.o(.text)
    UART6_IRQHandler                         0x0000027b   Thumb Code     0  startup_m480.o(.text)
    UART7_IRQHandler                         0x0000027b   Thumb Code     0  startup_m480.o(.text)
    USBD20_IRQHandler                        0x0000027b   Thumb Code     0  startup_m480.o(.text)
    USBD_IRQHandler                          0x0000027b   Thumb Code     0  startup_m480.o(.text)
    USBOTG20_IRQHandler                      0x0000027b   Thumb Code     0  startup_m480.o(.text)
    USBOTG_IRQHandler                        0x0000027b   Thumb Code     0  startup_m480.o(.text)
    USCI0_IRQHandler                         0x0000027b   Thumb Code     0  startup_m480.o(.text)
    USCI1_IRQHandler                         0x0000027b   Thumb Code     0  startup_m480.o(.text)
    WDT_IRQHandler                           0x0000027b   Thumb Code     0  startup_m480.o(.text)
    WWDT_IRQHandler                          0x0000027b   Thumb Code     0  startup_m480.o(.text)
    __aeabi_uldivmod                         0x00000291   Thumb Code    98  uldiv.o(.text)
    __aeabi_memcpy                           0x000002f3   Thumb Code    36  memcpya.o(.text)
    __aeabi_memcpy4                          0x000002f3   Thumb Code     0  memcpya.o(.text)
    __aeabi_memcpy8                          0x000002f3   Thumb Code     0  memcpya.o(.text)
    __aeabi_llsl                             0x00000317   Thumb Code    30  llshl.o(.text)
    _ll_shift_l                              0x00000317   Thumb Code     0  llshl.o(.text)
    __aeabi_llsr                             0x00000335   Thumb Code    32  llushr.o(.text)
    _ll_ushift_r                             0x00000335   Thumb Code     0  llushr.o(.text)
    __scatterload                            0x00000355   Thumb Code    28  init.o(.text)
    __scatterload_rt2                        0x00000355   Thumb Code     0  init.o(.text)
    CLK_DisablePLL                           0x00000379   Thumb Code    18  clk.o(i.CLK_DisablePLL)
    CLK_EnableModuleClock                    0x0000038d   Thumb Code    24  clk.o(i.CLK_EnableModuleClock)
    CLK_EnablePLL                            0x000003a9   Thumb Code   308  clk.o(i.CLK_EnablePLL)
    CLK_EnableXtalRC                         0x000004fd   Thumb Code    16  clk.o(i.CLK_EnableXtalRC)
    CLK_GetPCLK0Freq                         0x0000050d   Thumb Code    96  clk.o(i.CLK_GetPCLK0Freq)
    CLK_GetPCLK1Freq                         0x00000571   Thumb Code    98  clk.o(i.CLK_GetPCLK1Freq)
    CLK_GetPLLClockFreq                      0x000005d9   Thumb Code    66  clk.o(i.CLK_GetPLLClockFreq)
    CLK_SetCoreClock                         0x00000629   Thumb Code   128  clk.o(i.CLK_SetCoreClock)
    CLK_SetHCLK                              0x000006ad   Thumb Code    98  clk.o(i.CLK_SetHCLK)
    CLK_SetModuleClock                       0x00000711   Thumb Code   140  clk.o(i.CLK_SetModuleClock)
    CLK_WaitClockReady                       0x000007a5   Thumb Code    38  clk.o(i.CLK_WaitClockReady)
    EPWM_ConfigOutputChannel                 0x000007d1   Thumb Code   192  epwm.o(i.EPWM_ConfigOutputChannel)
    EPWM_DisableOutput                       0x00000895   Thumb Code    10  epwm.o(i.EPWM_DisableOutput)
    EPWM_EnableOutput                        0x0000089f   Thumb Code    10  epwm.o(i.EPWM_EnableOutput)
    EPWM_Start                               0x000008a9   Thumb Code     8  epwm.o(i.EPWM_Start)
    GPB_IRQHandler                           0x000008b1   Thumb Code    28  main.o(i.GPB_IRQHandler)
    GPC_IRQHandler                           0x000008fd   Thumb Code    34  main.o(i.GPC_IRQHandler)
    GPIO_SetMode                             0x00000951   Thumb Code    44  gpio.o(i.GPIO_SetMode)
    Hard_Fault_Handler                       0x0000097d   Thumb Code    16  retarget.o(i.Hard_Fault_Handler)
    SYS_Init                                 0x000009a5   Thumb Code   248  main.o(i.SYS_Init)
    SystemCoreClockUpdate                    0x00000ad9   Thumb Code    64  system_m480.o(i.SystemCoreClockUpdate)
    SystemInit                               0x00000b21   Thumb Code   108  system_m480.o(i.SystemInit)
    TIMER_GetModuleClock                     0x00000b99   Thumb Code   102  timer.o(i.TIMER_GetModuleClock)
    TIMER_Open                               0x00000c11   Thumb Code    54  timer.o(i.TIMER_Open)
    TMR0_IRQHandler                          0x00000c49   Thumb Code    62  main.o(i.TMR0_IRQHandler)
    UART0_Init                               0x00000c95   Thumb Code    10  main.o(i.UART0_Init)
    UART_Open                                0x00000ca5   Thumb Code   246  uart.o(i.UART_Open)
    __0printf$5                              0x00000dbd   Thumb Code    22  printf5.o(i.__0printf$5)
    __1printf$5                              0x00000dbd   Thumb Code     0  printf5.o(i.__0printf$5)
    __2printf                                0x00000dbd   Thumb Code     0  printf5.o(i.__0printf$5)
    __scatterload_copy                       0x00000ddd   Thumb Code    14  handlers.o(i.__scatterload_copy)
    __scatterload_null                       0x00000deb   Thumb Code     2  handlers.o(i.__scatterload_null)
    __scatterload_zeroinit                   0x00000ded   Thumb Code    14  handlers.o(i.__scatterload_zeroinit)
    fputc                                    0x000010bd   Thumb Code    12  retarget.o(i.fputc)
    main                                     0x000010c9   Thumb Code   352  main.o(i.main)
    Region$$Table$$Base                      0x00001440   Number         0  anon$$obj.o(Region$$Table)
    Region$$Table$$Limit                     0x00001460   Number         0  anon$$obj.o(Region$$Table)
    SystemCoreClock                          0x20000000   Data           4  system_m480.o(.data)
    CyclesPerUs                              0x20000004   Data           4  system_m480.o(.data)
    PllClock                                 0x20000008   Data           4  system_m480.o(.data)
    gau32ClkSrcTbl                           0x2000000c   Data          32  system_m480.o(.data)
    current_state                            0x2000002c   Data           1  main.o(.data)
    past_state                               0x2000002d   Data           1  main.o(.data)
    counter_high                             0x2000002e   Data           1  main.o(.data)
    counter_low                              0x2000002f   Data           1  main.o(.data)
    pin_state                                0x20000030   Data           1  main.o(.data)
    timer_counter                            0x20000031   Data           1  main.o(.data)
    rising_edge                              0x20000034   Data           4  main.o(.data)
    falling_edge                             0x20000038   Data           4  main.o(.data)
    RE1                                      0x2000003c   Data           4  main.o(.data)
    RE2                                      0x20000040   Data           4  main.o(.data)
    FE1                                      0x20000044   Data           4  main.o(.data)
    FE2                                      0x20000048   Data           4  main.o(.data)
    __stdout                                 0x2000004c   Data           4  retarget.o(.data)
    __initial_sp                             0x20000850   Data           0  startup_m480.o(STACK)



==============================================================================

Memory Map of the image

  Image Entry point : 0x00000229

  Load Region LR_1 (Base: 0x00000000, Size: 0x000014b0, Max: 0xffffffff, ABSOLUTE)

    Execution Region ER_RO (Exec base: 0x00000000, Load base: 0x00000000, Size: 0x00001460, Max: 0xffffffff, ABSOLUTE)

    Exec Addr    Load Addr    Size         Type   Attr      Idx    E Section Name        Object

    0x00000000   0x00000000   0x000001f4   Data   RO          320    RESET               startup_m480.o
    0x000001f4   0x000001f4   0x00000000   Code   RO         5106  * .ARM.Collect$$$$00000000  mc_w.l(entry.o)
    0x000001f4   0x000001f4   0x00000004   Code   RO         5388    .ARM.Collect$$$$00000001  mc_w.l(entry2.o)
    0x000001f8   0x000001f8   0x00000004   Code   RO         5391    .ARM.Collect$$$$00000004  mc_w.l(entry5.o)
    0x000001fc   0x000001fc   0x00000000   Code   RO         5393    .ARM.Collect$$$$00000008  mc_w.l(entry7b.o)
    0x000001fc   0x000001fc   0x00000000   Code   RO         5395    .ARM.Collect$$$$0000000A  mc_w.l(entry8b.o)
    0x000001fc   0x000001fc   0x00000008   Code   RO         5396    .ARM.Collect$$$$0000000B  mc_w.l(entry9a.o)
    0x00000204   0x00000204   0x00000004   Code   RO         5403    .ARM.Collect$$$$0000000E  mc_w.l(entry12b.o)
    0x00000208   0x00000208   0x00000000   Code   RO         5398    .ARM.Collect$$$$0000000F  mc_w.l(entry10a.o)
    0x00000208   0x00000208   0x00000000   Code   RO         5400    .ARM.Collect$$$$00000011  mc_w.l(entry11a.o)
    0x00000208   0x00000208   0x00000004   Code   RO         5389    .ARM.Collect$$$$00002712  mc_w.l(entry2.o)
    0x0000020c   0x0000020c   0x0000001c   Code   RO         3210    .emb_text           retarget.o
    0x00000228   0x00000228   0x00000068   Code   RO          321  * .text               startup_m480.o
    0x00000290   0x00000290   0x00000062   Code   RO         5107    .text               mc_w.l(uldiv.o)
    0x000002f2   0x000002f2   0x00000024   Code   RO         5109    .text               mc_w.l(memcpya.o)
    0x00000316   0x00000316   0x0000001e   Code   RO         5406    .text               mc_w.l(llshl.o)
    0x00000334   0x00000334   0x00000020   Code   RO         5408    .text               mc_w.l(llushr.o)
    0x00000354   0x00000354   0x00000024   Code   RO         5419    .text               mc_w.l(init.o)
    0x00000378   0x00000378   0x00000012   Code   RO          945    i.CLK_DisablePLL    clk.o
    0x0000038a   0x0000038a   0x00000002   PAD
    0x0000038c   0x0000038c   0x0000001c   Code   RO          950    i.CLK_EnableModuleClock  clk.o
    0x000003a8   0x000003a8   0x00000154   Code   RO          951    i.CLK_EnablePLL     clk.o
    0x000004fc   0x000004fc   0x00000010   Code   RO          954    i.CLK_EnableXtalRC  clk.o
    0x0000050c   0x0000050c   0x00000064   Code   RO          961    i.CLK_GetPCLK0Freq  clk.o
    0x00000570   0x00000570   0x00000068   Code   RO          962    i.CLK_GetPCLK1Freq  clk.o
    0x000005d8   0x000005d8   0x00000050   Code   RO          963    i.CLK_GetPLLClockFreq  clk.o
    0x00000628   0x00000628   0x00000084   Code   RO          967    i.CLK_SetCoreClock  clk.o
    0x000006ac   0x000006ac   0x00000062   Code   RO          968    i.CLK_SetHCLK       clk.o
    0x0000070e   0x0000070e   0x00000002   PAD
    0x00000710   0x00000710   0x00000094   Code   RO          969    i.CLK_SetModuleClock  clk.o
    0x000007a4   0x000007a4   0x0000002c   Code   RO          972    i.CLK_WaitClockReady  clk.o
    0x000007d0   0x000007d0   0x000000c4   Code   RO         1771    i.EPWM_ConfigOutputChannel  epwm.o
    0x00000894   0x00000894   0x0000000a   Code   RO         1793    i.EPWM_DisableOutput  epwm.o
    0x0000089e   0x0000089e   0x0000000a   Code   RO         1821    i.EPWM_EnableOutput  epwm.o
    0x000008a8   0x000008a8   0x00000008   Code   RO         1843    i.EPWM_Start        epwm.o
    0x000008b0   0x000008b0   0x0000004c   Code   RO          328    i.GPB_IRQHandler    main.o
    0x000008fc   0x000008fc   0x00000054   Code   RO          329    i.GPC_IRQHandler    main.o
    0x00000950   0x00000950   0x0000002c   Code   RO         2473    i.GPIO_SetMode      gpio.o
    0x0000097c   0x0000097c   0x00000028   Code   RO         3211    i.Hard_Fault_Handler  retarget.o
    0x000009a4   0x000009a4   0x00000114   Code   RO          330    i.SYS_Init          main.o
    0x00000ab8   0x00000ab8   0x00000020   Code   RO         3213    i.SendChar          retarget.o
    0x00000ad8   0x00000ad8   0x00000048   Code   RO            4    i.SystemCoreClockUpdate  system_m480.o
    0x00000b20   0x00000b20   0x00000078   Code   RO            5    i.SystemInit        system_m480.o
    0x00000b98   0x00000b98   0x00000078   Code   RO         4172    i.TIMER_GetModuleClock  timer.o
    0x00000c10   0x00000c10   0x00000036   Code   RO         4173    i.TIMER_Open        timer.o
    0x00000c46   0x00000c46   0x00000002   PAD
    0x00000c48   0x00000c48   0x0000004c   Code   RO          331    i.TMR0_IRQHandler   main.o
    0x00000c94   0x00000c94   0x00000010   Code   RO          332    i.UART0_Init        main.o
    0x00000ca4   0x00000ca4   0x00000118   Code   RO         4441    i.UART_Open         uart.o
    0x00000dbc   0x00000dbc   0x00000020   Code   RO         5252    i.__0printf$5       mc_w.l(printf5.o)
    0x00000ddc   0x00000ddc   0x0000000e   Code   RO         5425    i.__scatterload_copy  mc_w.l(handlers.o)
    0x00000dea   0x00000dea   0x00000002   Code   RO         5426    i.__scatterload_null  mc_w.l(handlers.o)
    0x00000dec   0x00000dec   0x0000000e   Code   RO         5427    i.__scatterload_zeroinit  mc_w.l(handlers.o)
    0x00000dfa   0x00000dfa   0x00000002   PAD
    0x00000dfc   0x00000dfc   0x000002c0   Code   RO         5259    i._printf_core      mc_w.l(printf5.o)
    0x000010bc   0x000010bc   0x0000000c   Code   RO         3217    i.fputc             retarget.o
    0x000010c8   0x000010c8   0x00000280   Code   RO          333    i.main              main.o
    0x00001348   0x00001348   0x000000a8   Code   RO         3219    i.stackDump         retarget.o
    0x000013f0   0x000013f0   0x00000020   Data   RO         4176    .constdata          timer.o
    0x00001410   0x00001410   0x00000030   Data   RO         4449    .constdata          uart.o
    0x00001440   0x00001440   0x00000020   Data   RO         5423    Region$$Table       anon$$obj.o


    Execution Region ER_RW (Exec base: 0x20000000, Load base: 0x00001460, Size: 0x00000050, Max: 0xffffffff, ABSOLUTE)

    Exec Addr    Load Addr    Size         Type   Attr      Idx    E Section Name        Object

    0x20000000   0x00001460   0x0000002c   Data   RW            6    .data               system_m480.o
    0x2000002c   0x0000148c   0x00000020   Data   RW          335    .data               main.o
    0x2000004c   0x000014ac   0x00000004   Data   RW         3220    .data               retarget.o


    Execution Region ER_ZI (Exec base: 0x20000050, Load base: 0x000014b0, Size: 0x00000800, Max: 0xffffffff, ABSOLUTE)

    Exec Addr    Load Addr    Size         Type   Attr      Idx    E Section Name        Object

    0x20000050        -       0x00000800   Zero   RW          318    STACK               startup_m480.o


==============================================================================

Image component sizes


      Code (inc. data)   RO Data    RW Data    ZI Data      Debug   Object Name

      1108         78          0          0          0       9478   clk.o
       224          4          0          0          0       3433   epwm.o
        44          0          0          0          0       1099   gpio.o
      1168        434          0         32          0     129681   main.o
       280        130          0          4          0       5039   retarget.o
       104         20        500          0       2048        956   startup_m480.o
       192         20          0         44          0     108747   system_m480.o
       174         18         32          0          0       2176   timer.o
       280         34         48          0          0       1452   uart.o

    ----------------------------------------------------------------------
      3580        738        612         80       2048     262061   Object Totals
         0          0         32          0          0          0   (incl. Generated)
         6          0          0          0          0          0   (incl. Padding)

    ----------------------------------------------------------------------

      Code (inc. data)   RO Data    RW Data    ZI Data      Debug   Library Member Name

         0          0          0          0          0          0   entry.o
         0          0          0          0          0          0   entry10a.o
         0          0          0          0          0          0   entry11a.o
         4          0          0          0          0          0   entry12b.o
         8          4          0          0          0          0   entry2.o
         4          0          0          0          0          0   entry5.o
         0          0          0          0          0          0   entry7b.o
         0          0          0          0          0          0   entry8b.o
         8          4          0          0          0          0   entry9a.o
        30          0          0          0          0          0   handlers.o
        36          8          0          0          0         68   init.o
        30          0          0          0          0         68   llshl.o
        32          0          0          0          0         68   llushr.o
        36          0          0          0          0         68   memcpya.o
       736         54          0          0          0        184   printf5.o
        98          0          0          0          0         92   uldiv.o

    ----------------------------------------------------------------------
      1024         70          0          0          0        548   Library Totals
         2          0          0          0          0          0   (incl. Padding)

    ----------------------------------------------------------------------

      Code (inc. data)   RO Data    RW Data    ZI Data      Debug   Library Name

      1022         70          0          0          0        548   mc_w.l

    ----------------------------------------------------------------------
      1024         70          0          0          0        548   Library Totals

    ----------------------------------------------------------------------

==============================================================================


      Code (inc. data)   RO Data    RW Data    ZI Data      Debug   

      4604        808        612         80       2048     259905   Grand Totals
      4604        808        612         80       2048     259905   ELF Image Totals
      4604        808        612         80          0          0   ROM Totals

==============================================================================

    Total RO  Size (Code + RO Data)                 5216 (   5.09kB)
    Total RW  Size (RW Data + ZI Data)              2128 (   2.08kB)
    Total ROM Size (Code + RO Data + RW Data)       5296 (   5.17kB)

==============================================================================

